2026-05-23 03:35:36, MOVE, v:1, k:fup@patas, mode:EDIT
2026-05-23 03:36:05, MOVE, v:1, k:fup@dindin, mode:PICK
2026-05-23 03:36:08, EXEC, v:1, k:fup@dindin, mode:FULL, rate:100
2026-05-23 03:36:47, MOVE, v:1, k:fup@dindin, mode:BACK
2026-05-23 03:37:01, MOVE, v:1, k:fup@apertada, mode:PICK
2026-05-23 03:37:02, EXEC, v:1, k:fup@apertada, mode:FULL, rate:100
2026-05-23 03:39:53, EXEC, v:1, k:fup@apertada, mode:FULL, rate:100
2026-05-23 03:39:55, EXEC, v:1, k:fup@apertada, mode:FULL, rate:100
2026-05-23 03:39:59, MOVE, v:1, k:fup@apertada, mode:BACK
2026-05-23 03:40:02, MOVE, v:1, k:fup@patas, mode:PICK
2026-05-23 03:40:03, EXEC, v:1, k:fup@patas, mode:FULL, rate:0, size:17
2026-05-23 03:40:37, EXEC, v:1, k:fup@patas, mode:FULL, rate:0, size:18
2026-05-23 03:39:55, MOVE, v:1, k:fup@apertada, mode:EDIT
2026-05-23 03:41:52, MOVE, v:1, k:fup@patas, mode:EDIT
2026-05-23 03:40:37, MOVE, v:1, k:fup@patas, mode:EDIT
2026-05-23 03:42:03, EXEC, v:1, k:fup@patas, mode:FULL, rate:0, size:18
2026-05-23 03:42:30, EXEC, v:1, k:fup@patas, mode:FULL, rate:0, size:18
2026-05-23 03:43:09, EXEC, v:1, k:fup@patas, mode:FULL, rate:0, size:20
2026-05-23 03:43:10, EXEC, v:1, k:fup@patas, mode:FULL, rate:0
2026-05-23 03:43:11, EXEC, v:1, k:fup@patas, mode:FULL, rate:0
2026-05-23 03:43:12, EXEC, v:1, k:fup@patas, mode:FULL, rate:0
2026-05-23 03:43:13, EXEC, v:1, k:fup@patas, mode:FULL, rate:0
2026-05-23 03:43:13, EXEC, v:1, k:fup@patas, mode:FULL, rate:0
2026-05-23 03:43:13, EXEC, v:1, k:fup@patas, mode:FULL, rate:0
2026-05-23 03:44:06, EXEC, v:1, k:fup@patas, mode:FULL, rate:0, size:22
2026-05-23 03:45:38, EXEC, v:1, k:fup@patas, mode:FULL, rate:0, size:25
2026-05-23 03:46:06, EXEC, v:1, k:fup@patas, mode:FULL, rate:28, size:27
2026-05-23 03:46:46, EXEC, v:1, k:fup@patas, mode:FULL, rate:28, size:27
2026-05-23 03:46:47, EXEC, v:1, k:fup@patas, mode:FULL, rate:28
2026-05-23 03:46:45, MOVE, v:1, k:fup@patas, mode:EDIT
2026-05-23 03:46:47, MOVE, v:1, k:fup@patas, mode:EDIT
2026-05-23 03:49:39, EXEC, v:1, k:fup@patas, mode:FULL, rate:28, size:29
2026-05-23 03:51:43, MOVE, v:1, k:fup@patas, mode:EDIT
2026-05-23 03:49:39, MOVE, v:1, k:fup@patas, mode:EDIT
2026-05-23 03:53:31, EXEC, v:1, k:fup@patas, mode:FULL, rate:28, size:32
2026-05-23 03:54:23, EXEC, v:1, k:fup@patas, mode:FULL, rate:57, size:33
2026-05-23 03:54:39, EXEC, v:1, k:fup@patas, mode:FULL, rate:28, size:33
2026-05-23 03:54:41, EXEC, v:1, k:fup@patas, mode:FULL, rate:28
2026-05-23 03:54:41, EXEC, v:1, k:fup@patas, mode:FULL, rate:28
2026-05-23 03:55:00, EXEC, v:1, k:fup@patas, mode:FULL, rate:42, size:33
2026-05-23 03:55:16, EXEC, v:1, k:fup@patas, mode:FULL, rate:71, size:33
2026-05-23 03:55:51, EXEC, v:1, k:fup@patas, mode:FULL, rate:71, size:33
2026-05-23 03:55:52, EXEC, v:1, k:fup@patas, mode:FULL, rate:71
2026-05-23 03:56:08, EXEC, v:1, k:fup@patas, mode:FULL, rate:71, size:33
2026-05-23 03:56:10, EXEC, v:1, k:fup@patas, mode:FULL, rate:71
2026-05-23 03:56:47, MOVE, v:1, k:fup@patas, mode:EDIT
2026-05-23 03:56:10, MOVE, v:1, k:fup@patas, mode:EDIT
2026-05-23 03:58:11, EXEC, v:1, k:fup@patas, mode:FULL, rate:71, size:33
2026-05-23 03:58:34, EXEC, v:1, k:fup@patas, mode:FULL, rate:57, size:33
2026-05-23 03:58:40, EXEC, v:1, k:fup@patas, mode:FULL, rate:28, size:33
2026-05-23 03:58:48, EXEC, v:1, k:fup@patas, mode:FULL, rate:71, size:33
2026-05-23 03:59:25, EXEC, v:1, k:fup@patas, mode:FULL, rate:71, size:33
2026-05-23 04:00:16, EXEC, v:1, k:fup@patas, mode:FULL, rate:71, size:35
2026-05-23 04:00:14, MOVE, v:1, k:fup@patas, mode:EDIT
2026-05-23 04:00:16, MOVE, v:1, k:fup@patas, mode:EDIT
2026-05-23 04:03:12, EXEC, v:1, k:fup@patas, mode:FULL, rate:28, size:34
2026-05-23 04:03:13, EXEC, v:1, k:fup@patas, mode:FULL, rate:28
2026-05-23 04:03:10, MOVE, v:1, k:fup@patas, mode:EDIT
2026-05-23 04:03:13, MOVE, v:1, k:fup@patas, mode:EDIT
2026-05-23 04:16:58, MOVE, v:1, k:fup@patas, mode:EDIT
2026-05-23 04:21:30, EXEC, v:1, k:fup@patas, mode:FULL, rate:28
2026-05-23 04:21:31, EXEC, v:1, k:fup@patas, mode:FULL, rate:28
2026-05-23 04:21:31, EXEC, v:1, k:fup@patas, mode:FULL, rate:28
2026-05-23 04:21:17, MOVE, v:1, k:fup@patas, mode:EDIT
2026-05-23 04:21:31, MOVE, v:1, k:fup@patas, mode:EDIT
2026-05-23 04:25:06, EXEC, v:1, k:fup@patas, mode:FULL, rate:71, size:34
2026-05-23 04:25:07, EXEC, v:1, k:fup@patas, mode:FULL, rate:71
2026-05-23 04:25:44, EXEC, v:1, k:fup@patas, mode:FULL, rate:71, size:34
2026-05-23 04:26:52, MOVE, v:1, k:fup@patas, mode:EDIT
2026-05-23 04:25:43, MOVE, v:1, k:fup@patas, mode:EDIT
2026-05-23 04:27:00, EXEC, v:1, k:fup@patas, mode:FULL, rate:71, size:34
2026-05-23 04:27:00, EXEC, v:1, k:fup@patas, mode:FULL, rate:71, size:34
2026-05-23 04:29:13, EXEC, v:1, k:fup@patas, mode:FULL, rate:85, size:39
2026-05-23 04:29:21, EXEC, v:1, k:fup@patas, mode:FULL, rate:85
2026-05-23 04:29:45, EXEC, v:1, k:fup@patas, mode:FULL, rate:85, size:39
2026-05-23 04:29:48, EXEC, v:1, k:fup@patas, mode:FULL, rate:85
2026-05-23 04:31:59, EXEC, v:1, k:fup@patas, mode:FULL, rate:85, size:40
2026-05-23 04:31:59, MOVE, v:1, k:fup@patas, mode:EDIT
2026-05-23 04:31:56, MOVE, v:1, k:fup@patas, mode:EDIT
2026-05-23 04:32:00, EXEC, v:1, k:fup@patas, mode:FULL, rate:85
2026-05-23 04:32:01, EXEC, v:1, k:fup@patas, mode:FULL, rate:85
2026-05-23 04:32:02, EXEC, v:1, k:fup@patas, mode:FULL, rate:85
2026-05-23 04:32:02, EXEC, v:1, k:fup@patas, mode:FULL, rate:85
2026-05-23 04:33:08, EXEC, v:1, k:fup@patas, mode:FULL, rate:100, size:41
2026-05-23 04:33:13, EXEC, v:1, k:fup@patas, mode:FULL, rate:100
2026-05-23 04:33:33, SELF, v:1, k:fup@patas, self:1, rate:100, study:40, concept:1
2026-05-23 04:33:35, MOVE, v:1, k:fup@patas, mode:BACK
