2026-06-23 13:21:13, MOVE, v:1, k:fup@mercantil, mode:PICK
2026-06-23 13:21:14, EXEC, v:1, k:fup@mercantil, mode:FULL, size:15, fail:COMP
2026-06-23 13:21:15, EXEC, v:1, k:fup@mercantil, mode:FULL, fail:COMP
2026-06-23 13:26:00, MOVE, v:1, k:fup@mercantil, mode:EDIT
2026-06-23 13:27:12, EXEC, v:1, k:fup@mercantil, mode:FULL, rate:0, size:21
2026-06-23 13:27:13, EXEC, v:1, k:fup@mercantil, mode:FULL, rate:0
2026-06-23 13:27:24, EXEC, v:1, k:fup@mercantil, mode:FULL, rate:0, size:23
2026-06-23 13:27:25, EXEC, v:1, k:fup@mercantil, mode:FULL, rate:0
2026-06-23 13:27:26, EXEC, v:1, k:fup@mercantil, mode:FULL, rate:0
2026-06-23 13:27:27, EXEC, v:1, k:fup@mercantil, mode:FULL, rate:0
2026-06-23 13:27:27, EXEC, v:1, k:fup@mercantil, mode:FULL, rate:0
2026-06-23 13:27:27, EXEC, v:1, k:fup@mercantil, mode:FULL, rate:0
2026-06-23 13:27:28, EXEC, v:1, k:fup@mercantil, mode:FULL, rate:0
2026-06-23 13:27:30, EXEC, v:1, k:fup@mercantil, mode:FULL, rate:0
2026-06-23 13:27:52, EXEC, v:1, k:fup@mercantil, mode:FULL, rate:0, size:19
2026-06-23 13:27:54, EXEC, v:1, k:fup@mercantil, mode:FULL, rate:0
2026-06-23 13:27:54, EXEC, v:1, k:fup@mercantil, mode:FULL, rate:0
2026-06-23 13:27:55, EXEC, v:1, k:fup@mercantil, mode:FULL, rate:0
2026-06-23 13:27:56, EXEC, v:1, k:fup@mercantil, mode:FULL, rate:0
2026-06-23 13:27:56, EXEC, v:1, k:fup@mercantil, mode:FULL, rate:0
2026-06-23 13:27:56, EXEC, v:1, k:fup@mercantil, mode:FULL, rate:0
2026-06-23 13:27:56, EXEC, v:1, k:fup@mercantil, mode:FULL, rate:0
2026-06-23 13:27:57, EXEC, v:1, k:fup@mercantil, mode:FULL, rate:0
2026-06-23 13:27:57, EXEC, v:1, k:fup@mercantil, mode:FULL, rate:0
2026-06-23 13:31:09, MOVE, v:1, k:fup@mercantil, mode:EDIT
2026-06-23 13:27:57, MOVE, v:1, k:fup@mercantil, mode:EDIT
2026-06-23 13:36:07, MOVE, v:1, k:fup@mercantil, mode:EDIT
2026-06-23 13:38:07, EXEC, v:1, k:fup@mercantil, mode:FULL, rate:37, size:49
2026-06-23 13:38:08, EXEC, v:1, k:fup@mercantil, mode:FULL, rate:37
2026-06-23 13:38:11, EXEC, v:1, k:fup@mercantil, mode:FULL, rate:37
2026-06-23 13:39:49, EXEC, v:1, k:fup@mercantil, mode:FULL, rate:50, size:56
2026-06-23 13:40:16, EXEC, v:1, k:fup@mercantil, mode:FULL, rate:50
2026-06-23 13:40:34, EXEC, v:1, k:fup@mercantil, mode:FULL, rate:25, size:56
2026-06-23 13:40:35, EXEC, v:1, k:fup@mercantil, mode:FULL, rate:25
2026-06-23 13:40:40, EXEC, v:1, k:fup@mercantil, mode:FULL, rate:50, size:56
2026-06-23 13:40:40, MOVE, v:1, k:fup@mercantil, mode:EDIT
2026-06-23 13:40:40, MOVE, v:1, k:fup@mercantil, mode:EDIT
2026-06-23 13:43:07, EXEC, v:1, k:fup@mercantil, mode:FULL, rate:100, size:56
2026-06-23 13:43:18, SELF, v:1, k:fup@mercantil, self:1, rate:100, study:25
2026-06-23 13:43:19, MOVE, v:1, k:fup@mercantil, mode:BACK
2026-06-23 13:43:04, MOVE, v:1, k:fup@mercantil, mode:EDIT
2026-06-23 13:43:07, MOVE, v:1, k:fup@mercantil, mode:EDIT
