2026-05-18 16:46:56, MOVE, v:1, k:fup@sapinho, mode:PICK
2026-05-18 16:46:59, EXEC, v:1, k:fup@sapinho, mode:FULL, rate:0, size:11
2026-05-18 16:46:57, MOVE, v:1, k:fup@sapinho, mode:EDIT
2026-05-18 16:51:07, MOVE, v:1, k:fup@sapinho, mode:EDIT
2026-05-18 16:53:23, EXEC, v:1, k:fup@sapinho, mode:FULL, rate:0, size:18
2026-05-18 16:53:33, EXEC, v:1, k:fup@sapinho, mode:FULL, rate:0, size:19
2026-05-18 16:53:34, EXEC, v:1, k:fup@sapinho, mode:FULL, rate:0
2026-05-18 16:55:11, EXEC, v:1, k:fup@sapinho, mode:FULL, rate:0, size:20
2026-05-18 16:55:12, EXEC, v:1, k:fup@sapinho, mode:FULL, rate:0
2026-05-18 16:56:11, MOVE, v:1, k:fup@sapinho, mode:EDIT
2026-05-18 16:55:11, MOVE, v:1, k:fup@sapinho, mode:EDIT
2026-05-18 16:56:18, EXEC, v:1, k:fup@sapinho, mode:FULL, rate:0, size:17
2026-05-18 16:56:24, EXEC, v:1, k:fup@sapinho, mode:FULL, rate:0, size:18
2026-05-18 16:56:37, EXEC, v:1, k:fup@sapinho, mode:FULL, rate:0, size:18
2026-05-18 16:56:38, EXEC, v:1, k:fup@sapinho, mode:FULL, rate:0
2026-05-18 16:57:42, EXEC, v:1, k:fup@sapinho, mode:FULL, rate:0, size:21
2026-05-18 16:57:44, EXEC, v:1, k:fup@sapinho, mode:FULL, rate:0
2026-05-18 16:57:53, EXEC, v:1, k:fup@sapinho, mode:FULL, rate:0, size:22
2026-05-18 16:57:56, EXEC, v:1, k:fup@sapinho, mode:FULL, rate:0
2026-05-18 16:58:15, EXEC, v:1, k:fup@sapinho, mode:FULL, rate:0
2026-05-18 16:58:17, EXEC, v:1, k:fup@sapinho, mode:FULL, rate:0
2026-05-18 16:59:20, EXEC, v:1, k:fup@sapinho, mode:FULL, rate:0, size:23
2026-05-18 16:59:28, EXEC, v:1, k:fup@sapinho, mode:FULL, rate:0, size:22
2026-05-18 16:59:33, EXEC, v:1, k:fup@sapinho, mode:FULL, rate:0, size:22
2026-05-18 17:00:26, EXEC, v:1, k:fup@sapinho, mode:FULL, rate:0, size:21
2026-05-18 17:00:34, EXEC, v:1, k:fup@sapinho, mode:FULL, rate:0, size:22
2026-05-18 17:00:45, EXEC, v:1, k:fup@sapinho, mode:FULL, rate:0
2026-05-18 17:01:07, MOVE, v:1, k:fup@sapinho, mode:EDIT
2026-05-18 17:00:44, MOVE, v:1, k:fup@sapinho, mode:EDIT
2026-05-18 17:01:15, EXEC, v:1, k:fup@sapinho, mode:FULL, rate:0
2026-05-18 17:01:45, EXEC, v:1, k:fup@sapinho, mode:FULL, rate:0, size:16
2026-05-18 17:02:55, EXEC, v:1, k:fup@sapinho, mode:FULL, rate:0, size:22
2026-05-18 17:03:04, EXEC, v:1, k:fup@sapinho, mode:FULL, rate:0, size:23
2026-05-18 17:03:35, EXEC, v:1, k:fup@sapinho, mode:FULL, rate:0
2026-05-18 17:03:42, EXEC, v:1, k:fup@sapinho, mode:FULL, rate:0, size:23
2026-05-18 17:03:59, MOVE, v:1, k:fup@sapinho, mode:EDIT
2026-05-18 17:03:41, MOVE, v:1, k:fup@sapinho, mode:EDIT
2026-05-18 17:08:27, EXEC, v:1, k:fup@sapinho, mode:FULL, rate:0, size:17
2026-05-18 17:08:39, EXEC, v:1, k:fup@sapinho, mode:FULL, rate:0, size:18
2026-05-18 17:09:59, EXEC, v:1, k:fup@sapinho, mode:FULL, rate:0, size:22
2026-05-18 17:10:01, EXEC, v:1, k:fup@sapinho, mode:FULL, rate:0
2026-05-18 17:10:09, EXEC, v:1, k:fup@sapinho, mode:FULL, rate:0, size:21
2026-05-18 17:10:40, EXEC, v:1, k:fup@sapinho, mode:FULL, rate:0, size:21
2026-05-18 17:10:48, EXEC, v:1, k:fup@sapinho, mode:FULL, rate:0, size:21
2026-05-18 17:11:09, EXEC, v:1, k:fup@sapinho, mode:FULL, rate:0, size:22
2026-05-18 17:11:08, MOVE, v:1, k:fup@sapinho, mode:EDIT
2026-05-18 17:11:09, MOVE, v:1, k:fup@sapinho, mode:EDIT
2026-05-18 17:11:26, EXEC, v:1, k:fup@sapinho, mode:FULL, rate:0, size:22
2026-05-18 17:12:04, EXEC, v:1, k:fup@sapinho, mode:FULL, rate:0
2026-05-18 17:13:08, EXEC, v:1, k:fup@sapinho, mode:FULL, rate:0, size:25
2026-05-18 17:13:39, EXEC, v:1, k:fup@sapinho, mode:FULL, rate:0
2026-05-18 17:14:29, EXEC, v:1, k:fup@sapinho, mode:FULL, rate:0, size:25
2026-05-18 17:14:50, EXEC, v:1, k:fup@sapinho, mode:FULL, rate:0, size:25
2026-05-18 17:14:58, EXEC, v:1, k:fup@sapinho, mode:FULL, rate:0, size:25
2026-05-18 17:15:09, EXEC, v:1, k:fup@sapinho, mode:FULL, rate:0, size:23
2026-05-18 17:15:21, EXEC, v:1, k:fup@sapinho, mode:FULL, rate:0, size:23
2026-05-18 17:16:01, EXEC, v:1, k:fup@sapinho, mode:FULL, rate:0, size:21
2026-05-18 17:16:03, EXEC, v:1, k:fup@sapinho, mode:FULL, rate:0
2026-05-18 17:15:59, MOVE, v:1, k:fup@sapinho, mode:EDIT
2026-05-18 17:16:02, MOVE, v:1, k:fup@sapinho, mode:EDIT
2026-05-18 17:17:42, EXEC, v:1, k:fup@sapinho, mode:FULL, size:21, fail:COMP
2026-05-18 17:18:04, EXEC, v:1, k:fup@sapinho, mode:FULL, rate:0, size:21
2026-05-18 17:18:35, EXEC, v:1, k:fup@sapinho, mode:FULL, rate:0, size:22
2026-05-18 17:18:38, EXEC, v:1, k:fup@sapinho, mode:FULL, rate:0
2026-05-18 17:18:45, EXEC, v:1, k:fup@sapinho, mode:FULL, rate:0, size:22
2026-05-18 17:19:07, EXEC, v:1, k:fup@sapinho, mode:FULL, rate:0, size:22
2026-05-18 17:19:47, EXEC, v:1, k:fup@sapinho, mode:FULL, rate:0, size:23
2026-05-18 17:19:48, EXEC, v:1, k:fup@sapinho, mode:FULL, rate:0
2026-05-18 17:20:39, EXEC, v:1, k:fup@sapinho, mode:FULL, rate:0, size:25
2026-05-18 17:20:40, EXEC, v:1, k:fup@sapinho, mode:FULL, rate:0
2026-05-18 17:20:56, EXEC, v:1, k:fup@sapinho, mode:FULL, rate:0, size:25
2026-05-18 17:20:58, EXEC, v:1, k:fup@sapinho, mode:FULL, rate:0
2026-05-18 17:21:10, MOVE, v:1, k:fup@sapinho, mode:PICK
2026-05-18 17:21:11, EXEC, v:1, k:fup@sapinho, mode:FULL, rate:0
2026-05-18 17:21:23, EXEC, v:1, k:fup@sapinho, mode:FULL, rate:0, size:25
2026-05-18 17:22:47, EXEC, v:1, k:fup@sapinho, mode:FULL, rate:0, size:25
2026-05-18 17:22:53, EXEC, v:1, k:fup@sapinho, mode:FULL, rate:0, size:25
2026-05-18 17:22:54, EXEC, v:1, k:fup@sapinho, mode:FULL, rate:0
2026-05-18 17:22:55, EXEC, v:1, k:fup@sapinho, mode:FULL, rate:0
2026-05-18 17:23:24, EXEC, v:1, k:fup@sapinho, mode:FULL, rate:0, size:27
2026-05-18 17:23:30, EXEC, v:1, k:fup@sapinho, mode:FULL, rate:20, size:27
2026-05-18 17:23:33, EXEC, v:1, k:fup@sapinho, mode:FULL, rate:20
2026-05-18 17:23:39, EXEC, v:1, k:fup@sapinho, mode:FULL, size:27, fail:COMP
2026-05-18 17:23:40, EXEC, v:1, k:fup@sapinho, mode:FULL, rate:0
2026-05-18 17:23:44, EXEC, v:1, k:fup@sapinho, mode:FULL, rate:0
2026-05-18 17:23:45, EXEC, v:1, k:fup@sapinho, mode:FULL, rate:100, size:27
2026-05-18 17:24:04, SELF, v:1, k:fup@sapinho, self:1, rate:100, study:40
2026-05-18 17:24:05, MOVE, v:1, k:fup@sapinho, mode:BACK
2026-05-18 17:24:40, MOVE, v:1, k:fup@dindin, mode:DOWN
2026-05-18 17:24:40, MOVE, v:1, k:fup@dindin, mode:PICK
2026-05-18 17:24:41, EXEC, v:1, k:fup@dindin, mode:FULL, rate:0, size:5
2026-05-18 17:23:45, MOVE, v:1, k:fup@sapinho, mode:EDIT
2026-05-18 17:23:44, MOVE, v:1, k:fup@sapinho, mode:EDIT
2026-05-18 17:24:40, MOVE, v:1, k:fup@dindin, mode:EDIT
2026-05-18 17:24:40, MOVE, v:1, k:fup@dindin, mode:EDIT
2026-05-18 17:24:41, MOVE, v:1, k:fup@dindin, mode:EDIT
2026-05-18 17:27:46, MOVE, v:1, k:fup@dindin, mode:EDIT
2026-05-18 17:34:35, MOVE, v:1, k:fup@dindin, mode:EDIT
2026-05-18 17:36:51, EXEC, v:1, k:fup@dindin, mode:FULL, size:52, fail:COMP
2026-05-18 17:36:52, EXEC, v:1, k:fup@dindin, mode:FULL, fail:COMP
2026-05-18 17:36:52, EXEC, v:1, k:fup@dindin, mode:FULL, fail:COMP
2026-05-18 17:36:52, EXEC, v:1, k:fup@dindin, mode:FULL, fail:COMP
2026-05-18 17:36:53, EXEC, v:1, k:fup@dindin, mode:FULL, fail:COMP
2026-05-18 17:36:53, EXEC, v:1, k:fup@dindin, mode:FULL, fail:COMP
2026-05-18 17:36:53, EXEC, v:1, k:fup@dindin, mode:FULL, fail:COMP
2026-05-18 17:37:54, EXEC, v:1, k:fup@dindin, mode:FULL, fail:COMP
2026-05-18 17:37:54, EXEC, v:1, k:fup@dindin, mode:FULL, fail:COMP
2026-05-18 17:37:55, EXEC, v:1, k:fup@dindin, mode:FULL, fail:COMP
2026-05-18 17:37:55, EXEC, v:1, k:fup@dindin, mode:FULL, fail:COMP
2026-05-18 17:38:34, EXEC, v:1, k:fup@dindin, mode:FULL, rate:100, size:51
2026-05-18 17:38:34, EXEC, v:1, k:fup@dindin, mode:FULL, rate:100, size:51
2026-05-18 17:38:37, MOVE, v:1, k:fup@dindin, mode:BACK
2026-05-18 17:38:39, MOVE, v:1, k:fup@dindin, mode:PICK
2026-05-18 17:38:40, EXEC, v:1, k:fup@dindin, mode:FULL, rate:100, size:51
2026-05-18 17:38:32, MOVE, v:1, k:fup@dindin, mode:EDIT
2026-05-18 17:38:40, MOVE, v:1, k:fup@dindin, mode:EDIT
2026-05-18 17:42:27, EXEC, v:1, k:fup@dindin, mode:FULL, rate:100, size:52
2026-05-18 17:42:30, MOVE, v:1, k:fup@dindin, mode:BACK
2026-05-18 17:42:52, SELF, v:1, k:fup@dindin, self:1, rate:100, study:30, friend:Sena, concept:1
2026-05-18 17:42:52, MOVE, v:1, k:fup@dindin, mode:PICK
2026-05-18 17:42:54, EXEC, v:1, k:fup@dindin, mode:FULL, rate:100
2026-05-18 17:42:54, MOVE, v:1, k:fup@dindin, mode:BACK
2026-05-18 17:43:01, MOVE, v:1, k:fup@baruel, mode:DOWN
2026-05-18 17:43:01, MOVE, v:1, k:fup@baruel, mode:PICK
2026-05-18 17:43:02, EXEC, v:1, k:fup@baruel, mode:FULL, rate:0, size:5
2026-05-18 17:41:43, MOVE, v:1, k:fup@dindin, mode:EDIT
2026-05-18 17:42:53, MOVE, v:1, k:fup@dindin, mode:EDIT
2026-05-18 17:43:01, MOVE, v:1, k:fup@baruel, mode:EDIT
2026-05-18 17:43:01, MOVE, v:1, k:fup@baruel, mode:EDIT
2026-05-18 17:45:38, MOVE, v:1, k:fup@baruel, mode:EDIT
2026-05-18 17:43:02, MOVE, v:1, k:fup@baruel, mode:EDIT
2026-05-18 17:48:01, EXEC, v:1, k:fup@baruel, mode:FULL, size:13, fail:COMP
2026-05-18 17:48:02, EXEC, v:1, k:fup@baruel, mode:FULL, fail:COMP
2026-05-18 17:48:02, EXEC, v:1, k:fup@baruel, mode:FULL, fail:COMP
2026-05-18 17:48:02, EXEC, v:1, k:fup@baruel, mode:FULL, fail:COMP
2026-05-18 17:48:02, EXEC, v:1, k:fup@baruel, mode:FULL, fail:COMP
2026-05-18 17:48:03, EXEC, v:1, k:fup@baruel, mode:FULL, fail:COMP
2026-05-18 17:48:03, EXEC, v:1, k:fup@baruel, mode:FULL, fail:COMP
2026-05-18 17:48:03, EXEC, v:1, k:fup@baruel, mode:FULL, fail:COMP
2026-05-18 17:48:03, EXEC, v:1, k:fup@baruel, mode:FULL, fail:COMP
2026-05-18 17:48:03, EXEC, v:1, k:fup@baruel, mode:FULL, fail:COMP
2026-05-18 17:48:03, EXEC, v:1, k:fup@baruel, mode:FULL, fail:COMP
2026-05-18 17:48:04, EXEC, v:1, k:fup@baruel, mode:FULL, fail:COMP
2026-05-18 17:48:04, EXEC, v:1, k:fup@baruel, mode:FULL, fail:COMP
2026-05-18 17:48:22, EXEC, v:1, k:fup@baruel, mode:FULL, fail:COMP
2026-05-18 17:48:55, EXEC, v:1, k:fup@baruel, mode:FULL, size:11, fail:COMP
2026-05-18 17:48:56, EXEC, v:1, k:fup@baruel, mode:FULL, rate:0, size:11
2026-05-18 17:50:58, MOVE, v:1, k:fup@baruel, mode:EDIT
2026-05-18 17:48:56, MOVE, v:1, k:fup@baruel, mode:EDIT
2026-05-18 17:53:53, MOVE, v:1, k:fup@baruel, mode:EDIT
2026-05-18 18:19:46, MOVE, v:1, k:fup@baruel, mode:BACK
2026-05-18 18:19:56, SELF, v:1, k:fup@dindin, self:1, rate:100, study:30, friend:Sena, concept:1
2026-05-18 18:19:56, MOVE, v:1, k:fup@dindin, mode:PICK
2026-05-18 18:19:57, EXEC, v:1, k:fup@dindin, mode:FULL, rate:100
2026-05-18 18:20:12, MOVE, v:1, k:fup@dindin, mode:BACK
