2026-05-15 03:20:51, MOVE, v:1, k:fup@spok, mode:DOWN
2026-05-15 03:20:52, MOVE, v:1, k:fup@spok, mode:PICK
2026-05-15 03:20:54, EXEC, v:1, k:fup@spok, mode:FULL, rate:0, size:5
2026-05-15 03:20:51, MOVE, v:1, k:fup@spok, mode:EDIT
2026-05-15 03:20:51, MOVE, v:1, k:fup@spok, mode:EDIT
2026-05-15 03:20:54, MOVE, v:1, k:fup@spok, mode:EDIT
2026-05-15 03:25:42, MOVE, v:1, k:fup@spok, mode:EDIT
2026-05-15 03:30:30, MOVE, v:1, k:fup@spok, mode:EDIT
2026-05-15 03:34:52, EXEC, v:1, k:fup@spok, mode:FULL, rate:0, size:20
2026-05-15 03:35:45, MOVE, v:1, k:fup@spok, mode:EDIT
2026-05-15 03:34:51, MOVE, v:1, k:fup@spok, mode:EDIT
2026-05-15 03:36:18, EXEC, v:1, k:fup@spok, mode:FULL, rate:0, size:23
2026-05-15 03:36:27, EXEC, v:1, k:fup@spok, mode:FULL, rate:25, size:24
2026-05-15 03:36:46, EXEC, v:1, k:fup@spok, mode:FULL, rate:62, size:24
2026-05-15 03:38:59, EXEC, v:1, k:fup@spok, mode:FULL, rate:0, size:23
2026-05-15 03:39:30, EXEC, v:1, k:fup@spok, mode:FULL, rate:100, size:27
2026-05-15 03:40:09, SELF, v:1, k:fup@spok, self:1, rate:100, study:29, concept:1
2026-05-15 03:40:14, MOVE, v:1, k:fup@spok, mode:BACK
2026-05-15 03:40:18, MOVE, v:1, k:fup@spok, mode:PICK
2026-05-15 03:40:19, EXEC, v:1, k:fup@spok, mode:FULL, rate:100
2026-05-15 03:40:25, SELF, v:1, k:fup@spok, self:1, rate:100, study:29, concept:1
2026-05-15 03:40:26, MOVE, v:1, k:fup@spok, mode:BACK
2026-05-15 03:39:27, MOVE, v:1, k:fup@spok, mode:EDIT
2026-05-15 03:40:19, MOVE, v:1, k:fup@spok, mode:EDIT
2026-05-15 03:41:28, MOVE, v:1, k:fup@sapinho, mode:DOWN
2026-05-15 03:41:29, MOVE, v:1, k:fup@sapinho, mode:PICK
2026-05-15 03:41:31, EXEC, v:1, k:fup@sapinho, mode:FULL, rate:0, size:5
