2026-07-05 04:44:15, MOVE, v:1, k:fup@pedra_struct, mode:PICK
2026-07-05 04:44:18, EXEC, v:1, k:fup@pedra_struct, mode:FULL, rate:100, size:54
2026-07-05 04:44:18, MOVE, v:1, k:fup@pedra_struct, mode:EDIT
2026-07-05 04:52:06, MOVE, v:1, k:fup@pedra_struct, mode:BACK
2026-07-05 04:53:25, MOVE, v:1, k:fup@pedra_struct, mode:EDIT
2026-07-05 04:55:50, MOVE, v:1, k:fup@pr_jokenpo, mode:PICK
2026-07-05 04:55:51, EXEC, v:1, k:fup@pr_jokenpo, mode:FULL, size:7, fail:COMP
2026-07-05 04:55:52, EXEC, v:1, k:fup@pr_jokenpo, mode:FULL, fail:COMP
2026-07-05 04:55:53, EXEC, v:1, k:fup@pr_jokenpo, mode:FULL, fail:COMP
2026-07-05 04:55:53, EXEC, v:1, k:fup@pr_jokenpo, mode:FULL, fail:COMP
2026-07-05 04:55:53, EXEC, v:1, k:fup@pr_jokenpo, mode:FULL, fail:COMP
2026-07-05 04:55:53, EXEC, v:1, k:fup@pr_jokenpo, mode:FULL, fail:COMP
2026-07-05 04:55:57, EXEC, v:1, k:fup@pr_jokenpo, mode:FULL, fail:COMP
2026-07-05 04:55:58, EXEC, v:1, k:fup@pr_jokenpo, mode:FULL, fail:COMP
2026-07-05 04:56:02, MOVE, v:1, k:fup@pr_jokenpo, mode:BACK
2026-07-05 04:59:08, MOVE, v:1, k:fup@pr_jokenpo, mode:PICK
2026-07-05 04:59:09, EXEC, v:1, k:fup@pr_jokenpo, mode:FULL, fail:COMP
2026-07-05 04:59:29, EXEC, v:1, k:fup@pr_jokenpo, mode:LOCK, rate:0, size:68
2026-07-05 05:01:09, EXEC, v:1, k:fup@pr_jokenpo, mode:LOCK, rate:0
2026-07-05 05:03:39, EXEC, v:1, k:fup@pr_jokenpo, mode:LOCK, rate:0, size:74
2026-07-05 05:03:35, MOVE, v:1, k:fup@pr_jokenpo, mode:EDIT
2026-07-05 05:04:02, MOVE, v:1, k:fup@pr_jokenpo, mode:EDIT
2026-07-05 05:04:04, EXEC, v:1, k:fup@pr_jokenpo, mode:LOCK, rate:0
2026-07-05 05:04:14, EXEC, v:1, k:fup@pr_jokenpo, mode:LOCK, rate:0
2026-07-05 05:04:17, EXEC, v:1, k:fup@pr_jokenpo, mode:LOCK, rate:0
2026-07-05 05:04:18, EXEC, v:1, k:fup@pr_jokenpo, mode:FREE
2026-07-05 05:07:20, MOVE, v:1, k:fup@pr_jokenpo, mode:BACK
2026-07-05 05:07:25, MOVE, v:1, k:fup@pr_jokenpo, mode:PICK
2026-07-05 05:07:28, EXEC, v:1, k:fup@pr_jokenpo, mode:LOCK, rate:0, size:91
2026-07-05 05:07:36, EXEC, v:1, k:fup@pr_jokenpo, mode:LOCK, rate:0
2026-07-05 05:07:38, MOVE, v:1, k:fup@pr_jokenpo, mode:BACK
