2026-07-04 22:57:44, MOVE, v:1, k:fup@blackjack, mode:PICK
2026-07-04 22:58:27, MOVE, v:1, k:fup@pedra_struct, mode:PICK
2026-07-04 22:58:28, EXEC, v:1, k:fup@pedra_struct, mode:FULL, rate:0, size:5
2026-07-04 22:58:33, MOVE, v:1, k:fup@pedra_struct, mode:BACK
2026-07-04 22:58:36, MOVE, v:1, k:fup@pedra_struct, mode:PICK
2026-07-04 22:58:53, EXEC, v:1, k:fup@pedra_struct, mode:FULL, rate:100, size:57
2026-07-04 23:00:49, SELF, v:1, k:fup@pedra_struct, self:1, rate:100, study:40
2026-07-04 23:00:50, MOVE, v:1, k:fup@pedra_struct, mode:BACK
2026-07-04 23:00:54, MOVE, v:1, k:fup@pizza, mode:PICK
2026-07-04 23:01:08, EXEC, v:1, k:fup@pizza, mode:FULL, rate:0
2026-07-04 23:01:23, MOVE, v:1, k:fup@pizza, mode:BACK
2026-07-04 23:01:25, MOVE, v:1, k:fup@pizza, mode:PICK
2026-07-04 23:01:40, EXEC, v:1, k:fup@pizza, mode:FULL, rate:100, size:35
2026-07-04 23:02:41, EXEC, v:1, k:fup@pizza, mode:FULL, rate:100
2026-07-04 23:02:50, SELF, v:1, k:fup@pizza, self:1, rate:100, study:45
2026-07-04 23:02:52, MOVE, v:1, k:fup@pizza, mode:BACK
2026-07-04 23:02:55, MOVE, v:1, k:fup@gomos, mode:DOWN
2026-07-04 23:02:55, MOVE, v:1, k:fup@gomos, mode:PICK
2026-07-04 23:02:56, EXEC, v:1, k:fup@gomos, mode:FULL, rate:0, size:5
2026-07-04 22:58:52, MOVE, v:1, k:fup@pedra_struct, mode:EDIT
2026-07-04 23:00:35, MOVE, v:1, k:fup@pedra_struct, mode:EDIT
2026-07-04 23:02:41, MOVE, v:1, k:fup@pizza, mode:EDIT
2026-07-04 23:01:37, MOVE, v:1, k:fup@pizza, mode:EDIT
2026-07-04 23:02:55, MOVE, v:1, k:fup@gomos, mode:EDIT
2026-07-04 23:02:56, MOVE, v:1, k:fup@gomos, mode:EDIT
2026-07-04 23:03:10, EXEC, v:1, k:fup@gomos, mode:FULL, rate:0
2026-07-04 23:05:01, EXEC, v:1, k:fup@gomos, mode:FULL, rate:100, size:49
2026-07-04 23:05:26, SELF, v:1, k:fup@gomos, self:1, rate:100, study:35
2026-07-04 23:05:27, MOVE, v:1, k:fup@gomos, mode:BACK
2026-07-04 23:05:38, MOVE, v:1, k:fup@estudante, mode:DOWN
2026-07-04 23:05:38, MOVE, v:1, k:fup@estudante, mode:PICK
2026-07-04 23:05:39, EXEC, v:1, k:fup@estudante, mode:FULL, rate:0, size:5
2026-07-04 23:06:40, EXEC, v:1, k:fup@estudante, mode:FULL, rate:100, size:51
2026-07-04 23:07:03, SELF, v:1, k:fup@estudante, self:1, rate:100, study:50
2026-07-04 23:07:04, MOVE, v:1, k:fup@estudante, mode:BACK
2026-07-04 23:07:15, MOVE, v:1, k:fup@fatores_struct, mode:PICK
2026-07-04 23:07:16, EXEC, v:1, k:fup@fatores_struct, mode:FULL, rate:100
2026-07-04 23:07:20, MOVE, v:1, k:fup@fatores_struct, mode:BACK
2026-07-04 23:07:22, MOVE, v:1, k:fup@fatores_struct, mode:PICK
2026-07-04 23:07:36, EXEC, v:1, k:fup@fatores_struct, mode:FULL, rate:100
2026-07-04 23:07:38, MOVE, v:1, k:fup@fatores_struct, mode:BACK
2026-07-04 23:07:46, MOVE, v:1, k:fup@idosa, mode:DOWN
2026-07-04 23:07:46, MOVE, v:1, k:fup@idosa, mode:PICK
2026-07-04 23:07:48, EXEC, v:1, k:fup@idosa, mode:FULL, rate:0, size:5
2026-07-04 23:05:01, MOVE, v:1, k:fup@gomos, mode:EDIT
2026-07-04 23:04:46, MOVE, v:1, k:fup@gomos, mode:EDIT
2026-07-04 23:05:38, MOVE, v:1, k:fup@estudante, mode:EDIT
2026-07-04 23:06:40, MOVE, v:1, k:fup@estudante, mode:EDIT
2026-07-04 23:06:36, MOVE, v:1, k:fup@estudante, mode:EDIT
2026-07-04 23:07:36, MOVE, v:1, k:fup@fatores_struct, mode:EDIT
2026-07-04 23:07:46, MOVE, v:1, k:fup@idosa, mode:EDIT
2026-07-04 23:07:47, MOVE, v:1, k:fup@idosa, mode:EDIT
2026-07-04 23:08:41, EXEC, v:1, k:fup@idosa, mode:FULL, rate:0, size:42
2026-07-04 23:08:43, EXEC, v:1, k:fup@idosa, mode:FULL, rate:0
2026-07-04 23:08:44, EXEC, v:1, k:fup@idosa, mode:FULL, rate:0
2026-07-04 23:08:45, EXEC, v:1, k:fup@idosa, mode:FULL, rate:0
2026-07-04 23:09:28, MOVE, v:1, k:fup@idosa, mode:BACK
2026-07-04 23:12:40, MOVE, v:1, k:fup@estudante, mode:PICK
2026-07-04 23:12:41, EXEC, v:1, k:fup@estudante, mode:FULL, rate:100
2026-07-04 23:12:42, EXEC, v:1, k:fup@estudante, mode:FULL, rate:100
2026-07-04 23:08:22, MOVE, v:1, k:fup@idosa, mode:EDIT
2026-07-04 23:08:32, MOVE, v:1, k:fup@gomos, mode:EDIT
2026-07-04 23:08:45, MOVE, v:1, k:fup@idosa, mode:EDIT
2026-07-04 23:12:42, MOVE, v:1, k:fup@estudante, mode:EDIT
