2026-05-25 16:50:43, MOVE, v:1, k:fup@pedra_struct, mode:DOWN
2026-05-25 16:50:44, MOVE, v:1, k:fup@pedra_struct, mode:PICK
2026-05-25 16:50:47, EXEC, v:1, k:fup@pedra_struct, mode:FULL, rate:0, size:5
2026-05-25 16:53:03, MOVE, v:1, k:fup@pedra_struct, mode:BACK
2026-05-25 16:53:21, MOVE, v:1, k:fup@batraquios, mode:PICK
2026-05-25 16:53:21, EXEC, v:1, k:fup@batraquios, mode:FULL, rate:0
2026-05-25 16:53:22, EXEC, v:1, k:fup@batraquios, mode:FULL, rate:0
2026-05-25 16:50:43, MOVE, v:1, k:fup@pedra_struct, mode:EDIT
2026-05-25 16:50:43, MOVE, v:1, k:fup@pedra_struct, mode:EDIT
2026-05-25 16:50:47, MOVE, v:1, k:fup@pedra_struct, mode:EDIT
2026-05-25 16:53:22, MOVE, v:1, k:fup@batraquios, mode:EDIT
2026-05-25 16:55:36, MOVE, v:1, k:fup@batraquios, mode:BACK
2026-05-25 16:55:37, MOVE, v:1, k:fup@batraquios, mode:PICK
2026-05-25 16:55:39, EXEC, v:1, k:fup@batraquios, mode:FULL, rate:0
2026-05-25 16:55:45, MOVE, v:1, k:fup@batraquios, mode:BACK
2026-05-25 16:55:47, MOVE, v:1, k:fup@batraquios, mode:PICK
2026-05-25 16:55:48, EXEC, v:1, k:fup@batraquios, mode:FULL, rate:0
2026-05-25 16:55:48, MOVE, v:1, k:fup@batraquios, mode:EDIT
2026-05-25 16:55:59, MOVE, v:1, k:fup@batraquios, mode:EDIT
2026-05-25 17:01:20, EXEC, v:1, k:fup@batraquios, mode:FULL, rate:0, size:15
2026-05-25 17:01:26, EXEC, v:1, k:fup@batraquios, mode:FULL, rate:0
2026-05-25 17:01:26, EXEC, v:1, k:fup@batraquios, mode:FULL, rate:0
2026-05-25 17:02:37, EXEC, v:1, k:fup@batraquios, mode:FULL, rate:0, size:15
2026-05-25 17:02:39, EXEC, v:1, k:fup@batraquios, mode:FULL, rate:0
2026-05-25 17:02:45, EXEC, v:1, k:fup@batraquios, mode:FULL, rate:0, size:15
2026-05-25 17:02:53, EXEC, v:1, k:fup@batraquios, mode:FULL, rate:0, size:15
2026-05-25 17:03:44, MOVE, v:1, k:fup@batraquios, mode:EDIT
2026-05-25 17:02:53, MOVE, v:1, k:fup@batraquios, mode:EDIT
2026-05-25 17:04:26, EXEC, v:1, k:fup@batraquios, mode:FULL, rate:0, size:20
2026-05-25 17:04:29, EXEC, v:1, k:fup@batraquios, mode:FULL, rate:0
2026-05-25 17:04:32, EXEC, v:1, k:fup@batraquios, mode:FULL, rate:0
2026-05-25 17:04:33, EXEC, v:1, k:fup@batraquios, mode:FULL, rate:0
2026-05-25 17:04:57, EXEC, v:1, k:fup@batraquios, mode:FULL, rate:0, size:22
2026-05-25 17:05:42, EXEC, v:1, k:fup@batraquios, mode:FULL, rate:0, size:20
2026-05-25 17:05:44, EXEC, v:1, k:fup@batraquios, mode:FULL, rate:0
2026-05-25 17:05:41, MOVE, v:1, k:fup@batraquios, mode:EDIT
2026-05-25 17:05:43, MOVE, v:1, k:fup@batraquios, mode:EDIT
2026-05-25 17:30:15, MOVE, v:1, k:fup@batraquios, mode:BACK
2026-05-25 17:34:32, MOVE, v:1, k:fup@botas, mode:DOWN
2026-05-25 17:34:34, MOVE, v:1, k:fup@botas, mode:PICK
2026-05-25 17:34:36, EXEC, v:1, k:fup@botas, mode:FULL, rate:0, size:5
2026-05-25 17:34:37, EXEC, v:1, k:fup@botas, mode:FULL, rate:0
2026-05-25 17:34:32, MOVE, v:1, k:fup@botas, mode:EDIT
2026-05-25 17:34:32, MOVE, v:1, k:fup@botas, mode:EDIT
2026-05-25 17:34:36, MOVE, v:1, k:fup@botas, mode:EDIT
2026-05-25 17:35:01, MOVE, v:1, k:fup@botas, mode:EDIT
2026-05-25 17:53:46, MOVE, v:1, k:fup@botas, mode:EDIT
2026-05-25 17:56:02, EXEC, v:1, k:fup@botas, mode:FULL, rate:0, size:16
2026-05-25 17:56:20, EXEC, v:1, k:fup@botas, mode:FULL, rate:0, size:16
2026-05-25 17:58:44, MOVE, v:1, k:fup@botas, mode:EDIT
2026-05-25 17:56:20, MOVE, v:1, k:fup@botas, mode:EDIT
2026-05-25 17:59:44, EXEC, v:1, k:fup@botas, mode:FULL, rate:0, size:21
2026-05-25 17:59:45, EXEC, v:1, k:fup@botas, mode:FULL, rate:0
2026-05-25 17:59:55, EXEC, v:1, k:fup@botas, mode:FULL, rate:0, size:21
2026-05-25 18:03:18, EXEC, v:1, k:fup@botas, mode:FULL, rate:0, size:20
2026-05-25 18:03:20, EXEC, v:1, k:fup@botas, mode:FULL, rate:0
2026-05-25 18:03:47, MOVE, v:1, k:fup@botas, mode:EDIT
2026-05-25 18:03:20, MOVE, v:1, k:fup@botas, mode:EDIT
2026-05-25 18:03:54, EXEC, v:1, k:fup@botas, mode:FULL, rate:0, size:20
2026-05-25 18:03:55, EXEC, v:1, k:fup@botas, mode:FULL, rate:0
2026-05-25 18:04:19, EXEC, v:1, k:fup@botas, mode:FULL, rate:0, size:20
2026-05-25 18:04:30, EXEC, v:1, k:fup@botas, mode:FULL, rate:0, size:20
2026-05-25 18:04:37, MOVE, v:1, k:fup@botas, mode:BACK
2026-05-25 18:04:30, MOVE, v:1, k:fup@botas, mode:EDIT
2026-05-25 18:04:30, MOVE, v:1, k:fup@botas, mode:EDIT
2026-05-25 18:09:00, MOVE, v:1, k:fup@botas, mode:PICK
2026-05-25 18:09:01, EXEC, v:1, k:fup@botas, mode:FULL, rate:100, size:36
2026-05-25 18:09:15, MOVE, v:1, k:fup@botas, mode:BACK
2026-05-25 18:09:11, MOVE, v:1, k:fup@botas, mode:EDIT
2026-05-25 18:09:01, MOVE, v:1, k:fup@botas, mode:EDIT
