2026-05-14 13:05:48, MOVE, v:1, k:fup@concentra, mode:PICK
2026-05-14 13:05:50, EXEC, v:1, k:fup@concentra, mode:FULL, rate:0
2026-05-14 13:07:35, MOVE, v:1, k:fup@concentra, mode:BACK
2026-05-14 13:08:07, MOVE, v:1, k:fup@concentra, mode:PICK
2026-05-14 13:08:08, EXEC, v:1, k:fup@concentra, mode:FULL, rate:0
2026-05-14 13:10:14, EXEC, v:1, k:fup@concentra, mode:FULL, rate:0, size:13
2026-05-14 13:10:14, EXEC, v:1, k:fup@concentra, mode:FULL, rate:0, size:13
2026-05-14 13:10:14, MOVE, v:1, k:fup@concentra, mode:EDIT
2026-05-14 13:10:41, MOVE, v:1, k:fup@concentra, mode:EDIT
2026-05-14 13:10:53, EXEC, v:1, k:fup@concentra, mode:FULL, rate:0, size:13
2026-05-14 13:11:58, EXEC, v:1, k:fup@concentra, mode:FULL, rate:0, size:15
2026-05-14 13:12:13, EXEC, v:1, k:fup@concentra, mode:FULL, size:15, fail:COMP
2026-05-14 13:12:18, EXEC, v:1, k:fup@concentra, mode:FULL, fail:COMP
2026-05-14 13:12:19, EXEC, v:1, k:fup@concentra, mode:FULL, fail:COMP
2026-05-14 13:12:46, EXEC, v:1, k:fup@concentra, mode:FULL, fail:COMP
2026-05-14 13:13:10, EXEC, v:1, k:fup@concentra, mode:FULL, fail:COMP
2026-05-14 13:13:11, EXEC, v:1, k:fup@concentra, mode:FULL, fail:COMP
2026-05-14 13:13:11, EXEC, v:1, k:fup@concentra, mode:FULL, fail:COMP
2026-05-14 13:13:11, EXEC, v:1, k:fup@concentra, mode:FULL, fail:COMP
2026-05-14 13:13:12, EXEC, v:1, k:fup@concentra, mode:FULL, fail:COMP
2026-05-14 13:13:12, EXEC, v:1, k:fup@concentra, mode:FULL, fail:COMP
2026-05-14 13:13:13, EXEC, v:1, k:fup@concentra, mode:FULL, fail:COMP
2026-05-14 13:13:13, EXEC, v:1, k:fup@concentra, mode:FULL, fail:COMP
2026-05-14 13:13:28, EXEC, v:1, k:fup@concentra, mode:FULL, fail:COMP
2026-05-14 13:15:37, MOVE, v:1, k:fup@concentra, mode:EDIT
2026-05-14 13:11:57, MOVE, v:1, k:fup@concentra, mode:EDIT
2026-05-14 13:16:02, EXEC, v:1, k:fup@concentra, mode:FULL, size:17, fail:COMP
2026-05-14 13:16:04, EXEC, v:1, k:fup@concentra, mode:FULL, fail:COMP
2026-05-14 13:16:04, EXEC, v:1, k:fup@concentra, mode:FULL, fail:COMP
2026-05-14 13:16:05, EXEC, v:1, k:fup@concentra, mode:FULL, fail:COMP
2026-05-14 13:16:05, EXEC, v:1, k:fup@concentra, mode:FULL, fail:COMP
2026-05-14 13:16:10, EXEC, v:1, k:fup@concentra, mode:FULL, fail:COMP
2026-05-14 13:16:11, EXEC, v:1, k:fup@concentra, mode:FULL, rate:0, size:16
2026-05-14 13:16:35, EXEC, v:1, k:fup@concentra, mode:FULL, rate:0, size:17
2026-05-14 13:16:42, EXEC, v:1, k:fup@concentra, mode:FULL, rate:0
2026-05-14 13:16:43, EXEC, v:1, k:fup@concentra, mode:FULL, rate:0
2026-05-14 13:16:43, EXEC, v:1, k:fup@concentra, mode:FULL, rate:0
2026-05-14 13:16:44, EXEC, v:1, k:fup@concentra, mode:FULL, rate:0
2026-05-14 13:17:07, EXEC, v:1, k:fup@concentra, mode:FULL, rate:0, size:16
2026-05-14 13:17:09, EXEC, v:1, k:fup@concentra, mode:FULL, rate:0
2026-05-14 13:17:50, EXEC, v:1, k:fup@concentra, mode:FULL, rate:0, size:16
2026-05-14 13:17:55, EXEC, v:1, k:fup@concentra, mode:FULL, rate:0
2026-05-14 13:18:20, EXEC, v:1, k:fup@concentra, mode:FULL, rate:0, size:16
2026-05-14 13:18:55, EXEC, v:1, k:fup@concentra, mode:FULL, rate:0, size:16
2026-05-14 13:19:19, EXEC, v:1, k:fup@concentra, mode:FULL, rate:0, size:17
2026-05-14 13:19:50, EXEC, v:1, k:fup@concentra, mode:FULL, size:18, fail:COMP
2026-05-14 13:19:52, EXEC, v:1, k:fup@concentra, mode:FULL, fail:COMP
2026-05-14 13:19:58, EXEC, v:1, k:fup@concentra, mode:FULL, rate:0, size:18
2026-05-14 13:20:03, EXEC, v:1, k:fup@concentra, mode:FULL, rate:0
2026-05-14 13:20:04, EXEC, v:1, k:fup@concentra, mode:FULL, rate:0
2026-05-14 13:20:05, EXEC, v:1, k:fup@concentra, mode:FULL, rate:0
2026-05-14 13:20:23, EXEC, v:1, k:fup@concentra, mode:FULL, rate:0, size:18
2026-05-14 13:20:24, EXEC, v:1, k:fup@concentra, mode:FULL, rate:0
2026-05-14 13:20:40, EXEC, v:1, k:fup@concentra, mode:FULL, rate:0
2026-05-14 13:20:41, EXEC, v:1, k:fup@concentra, mode:FULL, rate:0, size:18
2026-05-14 13:20:42, EXEC, v:1, k:fup@concentra, mode:FULL, rate:0
2026-05-14 13:20:40, MOVE, v:1, k:fup@concentra, mode:EDIT
2026-05-14 13:20:42, MOVE, v:1, k:fup@concentra, mode:EDIT
2026-05-14 13:20:51, EXEC, v:1, k:fup@concentra, mode:FULL, rate:0, size:18
2026-05-14 13:20:52, EXEC, v:1, k:fup@concentra, mode:FULL, rate:0, size:18
2026-05-14 13:20:52, EXEC, v:1, k:fup@concentra, mode:FULL, rate:0, size:18
2026-05-14 13:20:53, EXEC, v:1, k:fup@concentra, mode:FULL, rate:0, size:18
2026-05-14 13:20:53, EXEC, v:1, k:fup@concentra, mode:FULL, rate:0, size:18
2026-05-14 13:20:54, EXEC, v:1, k:fup@concentra, mode:FULL, rate:0, size:18
2026-05-14 13:20:54, EXEC, v:1, k:fup@concentra, mode:FULL, rate:0, size:18
2026-05-14 13:21:03, EXEC, v:1, k:fup@concentra, mode:FULL, rate:0, size:18
2026-05-14 13:21:04, EXEC, v:1, k:fup@concentra, mode:FULL, rate:0, size:18
2026-05-14 13:21:05, EXEC, v:1, k:fup@concentra, mode:FULL, rate:0
2026-05-14 13:21:12, EXEC, v:1, k:fup@concentra, mode:FULL, rate:0, size:18
2026-05-14 13:21:29, EXEC, v:1, k:fup@concentra, mode:FULL, rate:0, size:19
2026-05-14 13:21:29, EXEC, v:1, k:fup@concentra, mode:FULL, rate:0, size:19
2026-05-14 13:21:31, EXEC, v:1, k:fup@concentra, mode:FULL, rate:0, size:19
2026-05-14 13:21:31, EXEC, v:1, k:fup@concentra, mode:FULL, rate:0, size:19
2026-05-14 13:21:33, EXEC, v:1, k:fup@concentra, mode:FULL, rate:0, size:19
2026-05-14 13:21:34, EXEC, v:1, k:fup@concentra, mode:FULL, rate:0
2026-05-14 13:21:34, EXEC, v:1, k:fup@concentra, mode:FULL, rate:0
2026-05-14 13:22:13, EXEC, v:1, k:fup@concentra, mode:FULL, rate:0, size:21
2026-05-14 13:22:14, EXEC, v:1, k:fup@concentra, mode:FULL, rate:0
2026-05-14 13:22:15, EXEC, v:1, k:fup@concentra, mode:FULL, rate:0
2026-05-14 13:22:16, EXEC, v:1, k:fup@concentra, mode:FULL, rate:0
2026-05-14 13:22:17, EXEC, v:1, k:fup@concentra, mode:FULL, rate:0
2026-05-14 13:22:18, EXEC, v:1, k:fup@concentra, mode:FULL, rate:0
2026-05-14 13:22:19, EXEC, v:1, k:fup@concentra, mode:FULL, rate:0
2026-05-14 13:22:32, EXEC, v:1, k:fup@concentra, mode:FULL, rate:0, size:22
2026-05-14 13:22:33, EXEC, v:1, k:fup@concentra, mode:FULL, rate:0
2026-05-14 13:22:34, EXEC, v:1, k:fup@concentra, mode:FULL, rate:0
2026-05-14 13:22:35, EXEC, v:1, k:fup@concentra, mode:FULL, rate:0
2026-05-14 13:22:35, EXEC, v:1, k:fup@concentra, mode:FULL, rate:0
2026-05-14 13:22:36, EXEC, v:1, k:fup@concentra, mode:FULL, rate:0
2026-05-14 13:22:36, EXEC, v:1, k:fup@concentra, mode:FULL, rate:0
2026-05-14 13:22:37, EXEC, v:1, k:fup@concentra, mode:FULL, rate:0
2026-05-14 13:22:37, EXEC, v:1, k:fup@concentra, mode:FULL, rate:0
2026-05-14 13:22:38, EXEC, v:1, k:fup@concentra, mode:FULL, rate:0
2026-05-14 13:22:38, EXEC, v:1, k:fup@concentra, mode:FULL, rate:0
2026-05-14 13:23:50, EXEC, v:1, k:fup@concentra, mode:FULL, rate:0, size:20
2026-05-14 13:23:51, EXEC, v:1, k:fup@concentra, mode:FULL, rate:0
2026-05-14 13:23:52, EXEC, v:1, k:fup@concentra, mode:FULL, rate:0
2026-05-14 13:23:53, EXEC, v:1, k:fup@concentra, mode:FULL, rate:0
2026-05-14 13:23:54, EXEC, v:1, k:fup@concentra, mode:FULL, rate:0
2026-05-14 13:23:55, EXEC, v:1, k:fup@concentra, mode:FULL, rate:0
2026-05-14 13:23:56, EXEC, v:1, k:fup@concentra, mode:FULL, rate:0
2026-05-14 13:24:43, EXEC, v:1, k:fup@concentra, mode:FULL, rate:0, size:23
2026-05-14 13:24:45, EXEC, v:1, k:fup@concentra, mode:FULL, rate:0
2026-05-14 13:24:46, EXEC, v:1, k:fup@concentra, mode:FULL, rate:0
2026-05-14 13:24:46, EXEC, v:1, k:fup@concentra, mode:FULL, rate:0
2026-05-14 13:24:47, EXEC, v:1, k:fup@concentra, mode:FULL, rate:0
2026-05-14 13:24:47, EXEC, v:1, k:fup@concentra, mode:FULL, rate:0
2026-05-14 13:24:47, EXEC, v:1, k:fup@concentra, mode:FULL, rate:0
2026-05-14 13:24:48, EXEC, v:1, k:fup@concentra, mode:FULL, rate:0
2026-05-14 13:24:48, EXEC, v:1, k:fup@concentra, mode:FULL, rate:0
2026-05-14 13:24:48, EXEC, v:1, k:fup@concentra, mode:FULL, rate:0
2026-05-14 13:24:48, EXEC, v:1, k:fup@concentra, mode:FULL, rate:0
2026-05-14 13:24:49, EXEC, v:1, k:fup@concentra, mode:FULL, rate:0
2026-05-14 13:24:49, EXEC, v:1, k:fup@concentra, mode:FULL, rate:0
2026-05-14 13:24:49, EXEC, v:1, k:fup@concentra, mode:FULL, rate:0
2026-05-14 13:24:58, EXEC, v:1, k:fup@concentra, mode:FULL, rate:0, size:23
2026-05-14 13:24:59, EXEC, v:1, k:fup@concentra, mode:FULL, rate:0
2026-05-14 13:24:59, EXEC, v:1, k:fup@concentra, mode:FULL, rate:0
2026-05-14 13:25:00, EXEC, v:1, k:fup@concentra, mode:FULL, rate:0
2026-05-14 13:25:19, EXEC, v:1, k:fup@concentra, mode:FULL, rate:0, size:25
2026-05-14 13:25:20, EXEC, v:1, k:fup@concentra, mode:FULL, rate:0
2026-05-14 13:25:21, EXEC, v:1, k:fup@concentra, mode:FULL, rate:0
2026-05-14 13:25:21, EXEC, v:1, k:fup@concentra, mode:FULL, rate:0
2026-05-14 13:25:22, EXEC, v:1, k:fup@concentra, mode:FULL, rate:0
2026-05-14 13:25:23, EXEC, v:1, k:fup@concentra, mode:FULL, rate:0
2026-05-14 13:25:23, EXEC, v:1, k:fup@concentra, mode:FULL, rate:0
2026-05-14 13:25:24, EXEC, v:1, k:fup@concentra, mode:FULL, rate:0
2026-05-14 13:25:24, EXEC, v:1, k:fup@concentra, mode:FULL, rate:0
2026-05-14 13:25:24, EXEC, v:1, k:fup@concentra, mode:FULL, rate:0
2026-05-14 13:25:24, EXEC, v:1, k:fup@concentra, mode:FULL, rate:0
2026-05-14 13:25:25, EXEC, v:1, k:fup@concentra, mode:FULL, rate:0
2026-05-14 13:25:25, EXEC, v:1, k:fup@concentra, mode:FULL, rate:0
2026-05-14 13:25:25, EXEC, v:1, k:fup@concentra, mode:FULL, rate:0
2026-05-14 13:25:26, EXEC, v:1, k:fup@concentra, mode:FULL, rate:0
2026-05-14 13:25:26, EXEC, v:1, k:fup@concentra, mode:FULL, rate:0
2026-05-14 13:25:42, EXEC, v:1, k:fup@concentra, mode:FULL, rate:0, size:23
2026-05-14 13:25:31, MOVE, v:1, k:fup@concentra, mode:EDIT
2026-05-14 13:25:42, MOVE, v:1, k:fup@concentra, mode:EDIT
2026-05-14 13:25:43, EXEC, v:1, k:fup@concentra, mode:FULL, rate:0
2026-05-14 13:26:43, EXEC, v:1, k:fup@concentra, mode:FULL, rate:0
2026-05-14 13:26:44, EXEC, v:1, k:fup@concentra, mode:FULL, rate:0
2026-05-14 13:26:53, EXEC, v:1, k:fup@concentra, mode:FULL, rate:0
2026-05-14 13:26:54, EXEC, v:1, k:fup@concentra, mode:FULL, rate:0
2026-05-14 13:26:54, EXEC, v:1, k:fup@concentra, mode:FULL, rate:0
2026-05-14 13:26:55, EXEC, v:1, k:fup@concentra, mode:FULL, rate:0
2026-05-14 13:26:55, EXEC, v:1, k:fup@concentra, mode:FULL, rate:0
2026-05-14 13:27:05, EXEC, v:1, k:fup@concentra, mode:FULL, rate:0, size:21
2026-05-14 13:27:05, EXEC, v:1, k:fup@concentra, mode:FULL, rate:0, size:21
2026-05-14 13:27:06, EXEC, v:1, k:fup@concentra, mode:FULL, rate:0, size:21
2026-05-14 13:27:07, EXEC, v:1, k:fup@concentra, mode:FULL, rate:0
2026-05-14 13:27:08, EXEC, v:1, k:fup@concentra, mode:FULL, rate:0
2026-05-14 13:27:11, EXEC, v:1, k:fup@concentra, mode:FULL, rate:0
2026-05-14 13:27:11, EXEC, v:1, k:fup@concentra, mode:FULL, rate:0
2026-05-14 13:27:11, EXEC, v:1, k:fup@concentra, mode:FULL, rate:0
2026-05-14 13:27:12, EXEC, v:1, k:fup@concentra, mode:FULL, rate:0
2026-05-14 13:27:12, EXEC, v:1, k:fup@concentra, mode:FULL, rate:0
2026-05-14 13:27:12, EXEC, v:1, k:fup@concentra, mode:FULL, rate:0
2026-05-14 13:27:12, EXEC, v:1, k:fup@concentra, mode:FULL, rate:0
2026-05-14 13:27:13, EXEC, v:1, k:fup@concentra, mode:FULL, rate:0
2026-05-14 13:27:13, EXEC, v:1, k:fup@concentra, mode:FULL, rate:0
2026-05-14 13:27:13, EXEC, v:1, k:fup@concentra, mode:FULL, rate:0
2026-05-14 13:27:14, EXEC, v:1, k:fup@concentra, mode:FULL, rate:0
2026-05-14 13:27:14, EXEC, v:1, k:fup@concentra, mode:FULL, rate:0
2026-05-14 13:27:14, EXEC, v:1, k:fup@concentra, mode:FULL, rate:0
2026-05-14 13:27:14, EXEC, v:1, k:fup@concentra, mode:FULL, rate:0
2026-05-14 13:27:15, EXEC, v:1, k:fup@concentra, mode:FULL, rate:0
2026-05-14 13:27:15, EXEC, v:1, k:fup@concentra, mode:FULL, rate:0
2026-05-14 13:27:15, EXEC, v:1, k:fup@concentra, mode:FULL, rate:0
2026-05-14 13:27:16, EXEC, v:1, k:fup@concentra, mode:FULL, rate:0
2026-05-14 13:27:16, EXEC, v:1, k:fup@concentra, mode:FULL, rate:0
2026-05-14 13:27:16, EXEC, v:1, k:fup@concentra, mode:FULL, rate:0
2026-05-14 13:27:16, EXEC, v:1, k:fup@concentra, mode:FULL, rate:0
2026-05-14 13:27:17, EXEC, v:1, k:fup@concentra, mode:FULL, rate:0
2026-05-14 13:27:17, EXEC, v:1, k:fup@concentra, mode:FULL, rate:0
2026-05-14 13:27:17, EXEC, v:1, k:fup@concentra, mode:FULL, rate:0
2026-05-14 13:27:17, EXEC, v:1, k:fup@concentra, mode:FULL, rate:0
2026-05-14 13:27:18, EXEC, v:1, k:fup@concentra, mode:FULL, rate:0
2026-05-14 13:27:18, EXEC, v:1, k:fup@concentra, mode:FULL, rate:0
2026-05-14 13:27:18, EXEC, v:1, k:fup@concentra, mode:FULL, rate:0
2026-05-14 13:27:19, EXEC, v:1, k:fup@concentra, mode:FULL, rate:0
2026-05-14 13:27:55, EXEC, v:1, k:fup@concentra, mode:FULL, rate:0, size:16
2026-05-14 13:27:57, EXEC, v:1, k:fup@concentra, mode:FULL, rate:0
2026-05-14 13:27:57, EXEC, v:1, k:fup@concentra, mode:FULL, rate:0
2026-05-14 13:27:58, EXEC, v:1, k:fup@concentra, mode:FULL, rate:0
2026-05-14 13:27:59, EXEC, v:1, k:fup@concentra, mode:FULL, rate:0
2026-05-14 13:28:00, EXEC, v:1, k:fup@concentra, mode:FULL, rate:0
2026-05-14 13:28:34, EXEC, v:1, k:fup@concentra, mode:FULL, rate:0, size:16
2026-05-14 13:28:35, EXEC, v:1, k:fup@concentra, mode:FULL, rate:0
2026-05-14 13:28:36, EXEC, v:1, k:fup@concentra, mode:FULL, rate:0
2026-05-14 13:28:37, EXEC, v:1, k:fup@concentra, mode:FULL, rate:0
2026-05-14 13:28:37, EXEC, v:1, k:fup@concentra, mode:FULL, rate:0
2026-05-14 13:28:38, EXEC, v:1, k:fup@concentra, mode:FULL, rate:0
2026-05-14 13:29:12, EXEC, v:1, k:fup@concentra, mode:FULL, rate:0, size:17
2026-05-14 13:29:14, EXEC, v:1, k:fup@concentra, mode:FULL, rate:0
2026-05-14 13:30:18, EXEC, v:1, k:fup@concentra, mode:FULL, size:18, fail:COMP
2026-05-14 13:30:19, EXEC, v:1, k:fup@concentra, mode:FULL, fail:COMP
2026-05-14 13:30:19, EXEC, v:1, k:fup@concentra, mode:FULL, fail:COMP
2026-05-14 13:30:20, EXEC, v:1, k:fup@concentra, mode:FULL, fail:COMP
2026-05-14 13:30:20, EXEC, v:1, k:fup@concentra, mode:FULL, fail:COMP
2026-05-14 13:30:20, EXEC, v:1, k:fup@concentra, mode:FULL, fail:COMP
2026-05-14 13:30:20, EXEC, v:1, k:fup@concentra, mode:FULL, fail:COMP
2026-05-14 13:30:21, EXEC, v:1, k:fup@concentra, mode:FULL, fail:COMP
2026-05-14 13:30:21, EXEC, v:1, k:fup@concentra, mode:FULL, fail:COMP
2026-05-14 13:30:21, EXEC, v:1, k:fup@concentra, mode:FULL, fail:COMP
2026-05-14 13:30:26, EXEC, v:1, k:fup@concentra, mode:FULL, size:17, fail:COMP
2026-05-14 13:30:29, EXEC, v:1, k:fup@concentra, mode:FULL, fail:COMP
2026-05-14 13:30:29, EXEC, v:1, k:fup@concentra, mode:FULL, size:17, fail:COMP
2026-05-14 13:30:30, EXEC, v:1, k:fup@concentra, mode:FULL, fail:COMP
2026-05-14 13:30:37, EXEC, v:1, k:fup@concentra, mode:FULL, size:17, fail:COMP
2026-05-14 13:30:38, EXEC, v:1, k:fup@concentra, mode:FULL, fail:COMP
2026-05-14 13:30:39, EXEC, v:1, k:fup@concentra, mode:FULL, fail:COMP
2026-05-14 13:30:42, EXEC, v:1, k:fup@concentra, mode:FULL, fail:COMP
2026-05-14 13:30:43, EXEC, v:1, k:fup@concentra, mode:FULL, fail:COMP
2026-05-14 13:29:14, MOVE, v:1, k:fup@concentra, mode:EDIT
2026-05-14 13:30:37, MOVE, v:1, k:fup@concentra, mode:EDIT
2026-05-14 13:30:43, EXEC, v:1, k:fup@concentra, mode:FULL, fail:COMP
2026-05-14 13:30:43, EXEC, v:1, k:fup@concentra, mode:FULL, fail:COMP
2026-05-14 13:30:43, EXEC, v:1, k:fup@concentra, mode:FULL, fail:COMP
2026-05-14 13:30:43, EXEC, v:1, k:fup@concentra, mode:FULL, fail:COMP
2026-05-14 13:30:43, EXEC, v:1, k:fup@concentra, mode:FULL, fail:COMP
2026-05-14 13:30:43, EXEC, v:1, k:fup@concentra, mode:FULL, fail:COMP
2026-05-14 13:30:43, EXEC, v:1, k:fup@concentra, mode:FULL, fail:COMP
2026-05-14 13:30:43, EXEC, v:1, k:fup@concentra, mode:FULL, fail:COMP
2026-05-14 13:30:43, EXEC, v:1, k:fup@concentra, mode:FULL, fail:COMP
2026-05-14 13:30:44, EXEC, v:1, k:fup@concentra, mode:FULL, fail:COMP
2026-05-14 13:30:44, EXEC, v:1, k:fup@concentra, mode:FULL, fail:COMP
2026-05-14 13:30:44, EXEC, v:1, k:fup@concentra, mode:FULL, fail:COMP
2026-05-14 13:30:44, EXEC, v:1, k:fup@concentra, mode:FULL, fail:COMP
2026-05-14 13:30:44, EXEC, v:1, k:fup@concentra, mode:FULL, fail:COMP
2026-05-14 13:30:44, EXEC, v:1, k:fup@concentra, mode:FULL, fail:COMP
2026-05-14 13:30:44, EXEC, v:1, k:fup@concentra, mode:FULL, fail:COMP
2026-05-14 13:30:44, EXEC, v:1, k:fup@concentra, mode:FULL, fail:COMP
2026-05-14 13:30:44, EXEC, v:1, k:fup@concentra, mode:FULL, fail:COMP
2026-05-14 13:30:45, EXEC, v:1, k:fup@concentra, mode:FULL, fail:COMP
2026-05-14 13:30:45, EXEC, v:1, k:fup@concentra, mode:FULL, fail:COMP
2026-05-14 13:30:45, EXEC, v:1, k:fup@concentra, mode:FULL, fail:COMP
2026-05-14 13:30:45, EXEC, v:1, k:fup@concentra, mode:FULL, fail:COMP
2026-05-14 13:30:45, EXEC, v:1, k:fup@concentra, mode:FULL, fail:COMP
2026-05-14 13:30:45, EXEC, v:1, k:fup@concentra, mode:FULL, fail:COMP
2026-05-14 13:31:57, EXEC, v:1, k:fup@concentra, mode:FULL, rate:0, size:17
2026-05-14 13:31:59, EXEC, v:1, k:fup@concentra, mode:FULL, rate:0
2026-05-14 13:32:24, EXEC, v:1, k:fup@concentra, mode:FULL, rate:0, size:17
2026-05-14 13:32:24, EXEC, v:1, k:fup@concentra, mode:FULL, rate:0, size:17
2026-05-14 13:32:26, EXEC, v:1, k:fup@concentra, mode:FULL, rate:0, size:17
2026-05-14 13:32:27, EXEC, v:1, k:fup@concentra, mode:FULL, rate:0
2026-05-14 13:33:05, EXEC, v:1, k:fup@concentra, mode:FULL, rate:0, size:18
2026-05-14 13:33:06, EXEC, v:1, k:fup@concentra, mode:FULL, rate:0
2026-05-14 13:33:07, EXEC, v:1, k:fup@concentra, mode:FULL, rate:0
2026-05-14 13:33:08, EXEC, v:1, k:fup@concentra, mode:FULL, rate:0
2026-05-14 13:33:08, EXEC, v:1, k:fup@concentra, mode:FULL, rate:0
2026-05-14 13:33:08, EXEC, v:1, k:fup@concentra, mode:FULL, rate:0
2026-05-14 13:33:09, EXEC, v:1, k:fup@concentra, mode:FULL, rate:0
2026-05-14 13:33:10, EXEC, v:1, k:fup@concentra, mode:FULL, rate:0
2026-05-14 13:33:11, EXEC, v:1, k:fup@concentra, mode:FULL, rate:0
2026-05-14 13:33:16, EXEC, v:1, k:fup@concentra, mode:FULL, rate:0, size:18
2026-05-14 13:33:17, EXEC, v:1, k:fup@concentra, mode:FULL, rate:0
2026-05-14 13:33:18, EXEC, v:1, k:fup@concentra, mode:FULL, rate:0
2026-05-14 13:33:18, EXEC, v:1, k:fup@concentra, mode:FULL, rate:0
2026-05-14 13:34:11, EXEC, v:1, k:fup@concentra, mode:FULL, rate:0, size:16
2026-05-14 13:34:13, EXEC, v:1, k:fup@concentra, mode:FULL, rate:0
2026-05-14 13:34:13, EXEC, v:1, k:fup@concentra, mode:FULL, rate:0
2026-05-14 13:35:10, EXEC, v:1, k:fup@concentra, mode:FULL, rate:0, size:20
2026-05-14 13:35:12, EXEC, v:1, k:fup@concentra, mode:FULL, rate:0
2026-05-14 13:35:13, EXEC, v:1, k:fup@concentra, mode:FULL, rate:0
2026-05-14 13:35:14, EXEC, v:1, k:fup@concentra, mode:FULL, rate:0
2026-05-14 13:35:15, EXEC, v:1, k:fup@concentra, mode:FULL, rate:0
2026-05-14 13:35:15, EXEC, v:1, k:fup@concentra, mode:FULL, rate:0
2026-05-14 13:35:16, EXEC, v:1, k:fup@concentra, mode:FULL, rate:0
2026-05-14 13:35:16, EXEC, v:1, k:fup@concentra, mode:FULL, rate:0
2026-05-14 13:35:16, EXEC, v:1, k:fup@concentra, mode:FULL, rate:0
2026-05-14 13:35:17, EXEC, v:1, k:fup@concentra, mode:FULL, rate:0
2026-05-14 13:35:17, EXEC, v:1, k:fup@concentra, mode:FULL, rate:0
2026-05-14 13:35:17, EXEC, v:1, k:fup@concentra, mode:FULL, rate:0
2026-05-14 13:35:42, MOVE, v:1, k:fup@concentra, mode:EDIT
2026-05-14 13:35:17, MOVE, v:1, k:fup@concentra, mode:EDIT
2026-05-14 13:36:58, EXEC, v:1, k:fup@concentra, mode:FULL, rate:0, size:22
2026-05-14 13:36:59, EXEC, v:1, k:fup@concentra, mode:FULL, rate:0
2026-05-14 13:37:00, EXEC, v:1, k:fup@concentra, mode:FULL, rate:0
2026-05-14 13:37:01, EXEC, v:1, k:fup@concentra, mode:FULL, rate:0
2026-05-14 13:37:01, EXEC, v:1, k:fup@concentra, mode:FULL, rate:0
2026-05-14 13:37:02, EXEC, v:1, k:fup@concentra, mode:FULL, rate:0
2026-05-14 13:37:04, EXEC, v:1, k:fup@concentra, mode:FULL, rate:0
2026-05-14 13:37:06, EXEC, v:1, k:fup@concentra, mode:FULL, rate:0
2026-05-14 13:37:16, EXEC, v:1, k:fup@concentra, mode:FULL, rate:0
2026-05-14 13:37:21, EXEC, v:1, k:fup@concentra, mode:FULL, rate:0, size:22
2026-05-14 13:37:22, EXEC, v:1, k:fup@concentra, mode:FULL, rate:0
2026-05-14 13:37:23, EXEC, v:1, k:fup@concentra, mode:FULL, rate:0
2026-05-14 13:37:23, EXEC, v:1, k:fup@concentra, mode:FULL, rate:0
2026-05-14 13:37:23, EXEC, v:1, k:fup@concentra, mode:FULL, rate:0
2026-05-14 13:37:24, EXEC, v:1, k:fup@concentra, mode:FULL, rate:0
2026-05-14 13:37:24, EXEC, v:1, k:fup@concentra, mode:FULL, rate:0
2026-05-14 13:37:24, EXEC, v:1, k:fup@concentra, mode:FULL, rate:0
2026-05-14 13:37:35, EXEC, v:1, k:fup@concentra, mode:FULL, rate:0, size:23
2026-05-14 13:37:36, EXEC, v:1, k:fup@concentra, mode:FULL, rate:0
2026-05-14 13:37:37, EXEC, v:1, k:fup@concentra, mode:FULL, rate:0
2026-05-14 13:37:37, EXEC, v:1, k:fup@concentra, mode:FULL, rate:0
2026-05-14 13:37:38, EXEC, v:1, k:fup@concentra, mode:FULL, rate:0
2026-05-14 13:37:38, EXEC, v:1, k:fup@concentra, mode:FULL, rate:0
2026-05-14 13:37:38, EXEC, v:1, k:fup@concentra, mode:FULL, rate:0
2026-05-14 13:37:39, EXEC, v:1, k:fup@concentra, mode:FULL, rate:0
2026-05-14 13:37:39, EXEC, v:1, k:fup@concentra, mode:FULL, rate:0
2026-05-14 13:37:40, EXEC, v:1, k:fup@concentra, mode:FULL, rate:0
2026-05-14 13:37:40, EXEC, v:1, k:fup@concentra, mode:FULL, rate:0
2026-05-14 13:37:40, EXEC, v:1, k:fup@concentra, mode:FULL, rate:0
2026-05-14 13:37:40, EXEC, v:1, k:fup@concentra, mode:FULL, rate:0
2026-05-14 13:37:41, EXEC, v:1, k:fup@concentra, mode:FULL, rate:0
2026-05-14 13:37:41, EXEC, v:1, k:fup@concentra, mode:FULL, rate:0
2026-05-14 13:37:41, EXEC, v:1, k:fup@concentra, mode:FULL, rate:0
2026-05-14 13:37:42, EXEC, v:1, k:fup@concentra, mode:FULL, rate:0
2026-05-14 13:37:42, EXEC, v:1, k:fup@concentra, mode:FULL, rate:0
2026-05-14 13:37:42, EXEC, v:1, k:fup@concentra, mode:FULL, rate:0
2026-05-14 13:37:43, EXEC, v:1, k:fup@concentra, mode:FULL, rate:0
2026-05-14 13:37:43, EXEC, v:1, k:fup@concentra, mode:FULL, rate:0
2026-05-14 13:37:43, EXEC, v:1, k:fup@concentra, mode:FULL, rate:0
2026-05-14 13:37:44, EXEC, v:1, k:fup@concentra, mode:FULL, rate:0
2026-05-14 13:37:44, EXEC, v:1, k:fup@concentra, mode:FULL, rate:0
2026-05-14 13:37:44, EXEC, v:1, k:fup@concentra, mode:FULL, rate:0
2026-05-14 13:37:45, EXEC, v:1, k:fup@concentra, mode:FULL, rate:0
2026-05-14 13:37:45, EXEC, v:1, k:fup@concentra, mode:FULL, rate:0
2026-05-14 13:37:45, EXEC, v:1, k:fup@concentra, mode:FULL, rate:0
2026-05-14 13:37:46, EXEC, v:1, k:fup@concentra, mode:FULL, rate:0
2026-05-14 13:37:46, EXEC, v:1, k:fup@concentra, mode:FULL, rate:0
2026-05-14 13:37:46, EXEC, v:1, k:fup@concentra, mode:FULL, rate:0
2026-05-14 13:37:47, EXEC, v:1, k:fup@concentra, mode:FULL, rate:0
2026-05-14 13:37:47, EXEC, v:1, k:fup@concentra, mode:FULL, rate:0
2026-05-14 13:37:48, EXEC, v:1, k:fup@concentra, mode:FULL, rate:0
2026-05-14 13:37:48, EXEC, v:1, k:fup@concentra, mode:FULL, rate:0
2026-05-14 13:37:48, EXEC, v:1, k:fup@concentra, mode:FULL, rate:0
2026-05-14 13:37:49, EXEC, v:1, k:fup@concentra, mode:FULL, rate:0
2026-05-14 13:37:49, EXEC, v:1, k:fup@concentra, mode:FULL, rate:0
2026-05-14 13:37:49, EXEC, v:1, k:fup@concentra, mode:FULL, rate:0
2026-05-14 13:37:51, EXEC, v:1, k:fup@concentra, mode:FULL, rate:0, size:23
2026-05-14 13:37:52, EXEC, v:1, k:fup@concentra, mode:FULL, rate:0
2026-05-14 13:37:53, EXEC, v:1, k:fup@concentra, mode:FULL, rate:0, size:23
2026-05-14 13:37:53, EXEC, v:1, k:fup@concentra, mode:FULL, size:23, fail:COMP
2026-05-14 13:37:54, EXEC, v:1, k:fup@concentra, mode:FULL, size:23, fail:COMP
2026-05-14 13:37:54, EXEC, v:1, k:fup@concentra, mode:FULL, size:23, fail:COMP
2026-05-14 13:37:54, EXEC, v:1, k:fup@concentra, mode:FULL, size:23, fail:COMP
2026-05-14 13:37:54, EXEC, v:1, k:fup@concentra, mode:FULL, size:23, fail:COMP
2026-05-14 13:37:54, EXEC, v:1, k:fup@concentra, mode:FULL, size:23, fail:COMP
2026-05-14 13:37:54, EXEC, v:1, k:fup@concentra, mode:FULL, size:23, fail:COMP
2026-05-14 13:37:55, EXEC, v:1, k:fup@concentra, mode:FULL, size:23, fail:COMP
2026-05-14 13:37:55, EXEC, v:1, k:fup@concentra, mode:FULL, size:23, fail:COMP
2026-05-14 13:37:55, EXEC, v:1, k:fup@concentra, mode:FULL, size:23, fail:COMP
2026-05-14 13:37:56, EXEC, v:1, k:fup@concentra, mode:FULL, size:23, fail:COMP
2026-05-14 13:37:56, EXEC, v:1, k:fup@concentra, mode:FULL, size:23, fail:COMP
2026-05-14 13:37:56, EXEC, v:1, k:fup@concentra, mode:FULL, size:23, fail:COMP
2026-05-14 13:37:56, EXEC, v:1, k:fup@concentra, mode:FULL, size:23, fail:COMP
2026-05-14 13:37:56, EXEC, v:1, k:fup@concentra, mode:FULL, size:23, fail:COMP
2026-05-14 13:38:25, EXEC, v:1, k:fup@concentra, mode:FULL, rate:0, size:22
2026-05-14 13:38:27, EXEC, v:1, k:fup@concentra, mode:FULL, rate:0
2026-05-14 13:38:28, EXEC, v:1, k:fup@concentra, mode:FULL, rate:0
2026-05-14 13:38:29, EXEC, v:1, k:fup@concentra, mode:FULL, rate:0
2026-05-14 13:38:31, EXEC, v:1, k:fup@concentra, mode:FULL, rate:0
2026-05-14 13:38:32, EXEC, v:1, k:fup@concentra, mode:FULL, rate:0
2026-05-14 13:38:33, EXEC, v:1, k:fup@concentra, mode:FULL, rate:0
2026-05-14 13:38:34, EXEC, v:1, k:fup@concentra, mode:FULL, rate:0
2026-05-14 13:38:42, EXEC, v:1, k:fup@concentra, mode:FULL, rate:0, size:23
2026-05-14 13:38:44, EXEC, v:1, k:fup@concentra, mode:FULL, rate:0
2026-05-14 13:38:51, EXEC, v:1, k:fup@concentra, mode:FULL, rate:0, size:22
2026-05-14 13:38:53, EXEC, v:1, k:fup@concentra, mode:FULL, rate:0
2026-05-14 13:38:54, EXEC, v:1, k:fup@concentra, mode:FULL, rate:0
2026-05-14 13:38:56, EXEC, v:1, k:fup@concentra, mode:FULL, rate:0
2026-05-14 13:38:57, EXEC, v:1, k:fup@concentra, mode:FULL, rate:0
2026-05-14 13:38:58, EXEC, v:1, k:fup@concentra, mode:FULL, rate:0
2026-05-14 13:39:00, EXEC, v:1, k:fup@concentra, mode:FULL, rate:0
2026-05-14 13:39:01, EXEC, v:1, k:fup@concentra, mode:FULL, rate:0
2026-05-14 13:39:03, EXEC, v:1, k:fup@concentra, mode:FULL, rate:0
2026-05-14 13:39:04, EXEC, v:1, k:fup@concentra, mode:FULL, rate:0
2026-05-14 13:39:05, EXEC, v:1, k:fup@concentra, mode:FULL, rate:0
2026-05-14 13:39:07, EXEC, v:1, k:fup@concentra, mode:FULL, rate:0
2026-05-14 13:39:08, EXEC, v:1, k:fup@concentra, mode:FULL, rate:0
2026-05-14 13:39:10, EXEC, v:1, k:fup@concentra, mode:FULL, rate:0
2026-05-14 13:39:11, EXEC, v:1, k:fup@concentra, mode:FULL, rate:0
2026-05-14 13:39:13, EXEC, v:1, k:fup@concentra, mode:FULL, rate:0
2026-05-14 13:39:14, EXEC, v:1, k:fup@concentra, mode:FULL, rate:0
2026-05-14 13:39:15, EXEC, v:1, k:fup@concentra, mode:FULL, rate:0
2026-05-14 13:39:16, EXEC, v:1, k:fup@concentra, mode:FULL, rate:0
2026-05-14 13:39:18, EXEC, v:1, k:fup@concentra, mode:FULL, rate:0
2026-05-14 13:39:19, EXEC, v:1, k:fup@concentra, mode:FULL, rate:0
2026-05-14 13:39:20, EXEC, v:1, k:fup@concentra, mode:FULL, rate:0
2026-05-14 13:39:22, EXEC, v:1, k:fup@concentra, mode:FULL, rate:0
2026-05-14 13:39:23, EXEC, v:1, k:fup@concentra, mode:FULL, rate:0
2026-05-14 13:39:24, EXEC, v:1, k:fup@concentra, mode:FULL, rate:0
2026-05-14 13:39:26, EXEC, v:1, k:fup@concentra, mode:FULL, rate:0
2026-05-14 13:39:27, EXEC, v:1, k:fup@concentra, mode:FULL, rate:0
2026-05-14 13:39:28, EXEC, v:1, k:fup@concentra, mode:FULL, rate:0
2026-05-14 13:39:30, EXEC, v:1, k:fup@concentra, mode:FULL, rate:0
2026-05-14 13:39:31, EXEC, v:1, k:fup@concentra, mode:FULL, rate:0
2026-05-14 13:39:32, EXEC, v:1, k:fup@concentra, mode:FULL, rate:0
2026-05-14 13:39:34, EXEC, v:1, k:fup@concentra, mode:FULL, rate:0
2026-05-14 13:39:35, EXEC, v:1, k:fup@concentra, mode:FULL, rate:0
2026-05-14 13:39:36, EXEC, v:1, k:fup@concentra, mode:FULL, rate:0
2026-05-14 13:39:37, EXEC, v:1, k:fup@concentra, mode:FULL, rate:0
2026-05-14 13:39:39, EXEC, v:1, k:fup@concentra, mode:FULL, rate:0
2026-05-14 13:39:40, EXEC, v:1, k:fup@concentra, mode:FULL, rate:0
2026-05-14 13:38:50, MOVE, v:1, k:fup@concentra, mode:EDIT
2026-05-14 13:39:39, MOVE, v:1, k:fup@concentra, mode:EDIT
2026-05-14 13:50:43, EXEC, v:1, k:fup@concentra, mode:FULL, rate:0, size:20
2026-05-14 13:50:44, EXEC, v:1, k:fup@concentra, mode:FULL, rate:0
2026-05-14 13:50:40, MOVE, v:1, k:fup@concentra, mode:EDIT
2026-05-14 13:50:44, MOVE, v:1, k:fup@concentra, mode:EDIT
2026-05-14 13:50:44, EXEC, v:1, k:fup@concentra, mode:FULL, rate:0
2026-05-14 13:51:01, EXEC, v:1, k:fup@concentra, mode:FULL, rate:0, size:20
2026-05-14 13:51:03, EXEC, v:1, k:fup@concentra, mode:FULL, rate:0
2026-05-14 13:51:13, EXEC, v:1, k:fup@concentra, mode:FULL, rate:0, size:20
2026-05-14 13:51:14, EXEC, v:1, k:fup@concentra, mode:FULL, rate:0
2026-05-14 13:55:36, EXEC, v:1, k:fup@concentra, mode:FULL, rate:0, size:24
2026-05-14 13:55:38, EXEC, v:1, k:fup@concentra, mode:FULL, rate:0
2026-05-14 13:55:39, EXEC, v:1, k:fup@concentra, mode:FULL, rate:0
2026-05-14 13:55:39, EXEC, v:1, k:fup@concentra, mode:FULL, rate:0
2026-05-14 13:55:39, EXEC, v:1, k:fup@concentra, mode:FULL, rate:0
2026-05-14 13:55:40, EXEC, v:1, k:fup@concentra, mode:FULL, rate:0
2026-05-14 13:55:40, MOVE, v:1, k:fup@concentra, mode:EDIT
2026-05-14 13:53:07, MOVE, v:1, k:fup@concentra, mode:EDIT
2026-05-14 13:55:55, EXEC, v:1, k:fup@concentra, mode:FULL, rate:0, size:25
2026-05-14 13:55:58, EXEC, v:1, k:fup@concentra, mode:FULL, rate:0
2026-05-14 13:56:11, EXEC, v:1, k:fup@concentra, mode:FULL, size:26, fail:COMP
2026-05-14 13:56:12, EXEC, v:1, k:fup@concentra, mode:FULL, rate:0, size:26
2026-05-14 13:56:14, EXEC, v:1, k:fup@concentra, mode:FULL, rate:0
2026-05-14 13:56:19, EXEC, v:1, k:fup@concentra, mode:FULL, rate:0
2026-05-14 13:56:21, EXEC, v:1, k:fup@concentra, mode:FULL, rate:0
2026-05-14 13:56:25, EXEC, v:1, k:fup@concentra, mode:FULL, rate:0
2026-05-14 13:56:26, EXEC, v:1, k:fup@concentra, mode:FULL, rate:0, size:26
2026-05-14 13:56:27, EXEC, v:1, k:fup@concentra, mode:FULL, rate:0
2026-05-14 13:56:28, EXEC, v:1, k:fup@concentra, mode:FULL, rate:0
2026-05-14 13:56:28, EXEC, v:1, k:fup@concentra, mode:FULL, rate:0
2026-05-14 13:56:53, EXEC, v:1, k:fup@concentra, mode:FULL, rate:0, size:26
2026-05-14 13:57:14, EXEC, v:1, k:fup@concentra, mode:FULL, rate:0, size:25
2026-05-14 13:58:25, EXEC, v:1, k:fup@concentra, mode:FULL, rate:0, size:25
2026-05-14 13:58:27, EXEC, v:1, k:fup@concentra, mode:FULL, rate:0
2026-05-14 13:58:28, EXEC, v:1, k:fup@concentra, mode:FULL, rate:0
2026-05-14 13:58:37, EXEC, v:1, k:fup@concentra, mode:FULL, rate:0, size:25
2026-05-14 13:58:45, EXEC, v:1, k:fup@concentra, mode:FULL, rate:0, size:25
2026-05-14 13:58:47, EXEC, v:1, k:fup@concentra, mode:FULL, rate:0
2026-05-14 13:58:54, EXEC, v:1, k:fup@concentra, mode:FULL, rate:0, size:25
2026-05-14 13:59:04, EXEC, v:1, k:fup@concentra, mode:FULL, rate:0, size:25
2026-05-14 13:59:06, EXEC, v:1, k:fup@concentra, mode:FULL, rate:0
2026-05-14 14:00:12, EXEC, v:1, k:fup@concentra, mode:FULL, rate:0, size:24
2026-05-14 14:00:13, EXEC, v:1, k:fup@concentra, mode:FULL, rate:0
2026-05-14 14:00:15, EXEC, v:1, k:fup@concentra, mode:FULL, rate:0
2026-05-14 14:00:16, EXEC, v:1, k:fup@concentra, mode:FULL, rate:0
2026-05-14 14:00:31, EXEC, v:1, k:fup@concentra, mode:FULL, rate:0, size:21
2026-05-14 14:00:33, EXEC, v:1, k:fup@concentra, mode:FULL, rate:0
2026-05-14 14:00:34, EXEC, v:1, k:fup@concentra, mode:FULL, rate:0
2026-05-14 14:00:43, MOVE, v:1, k:fup@concentra, mode:EDIT
2026-05-14 14:00:33, MOVE, v:1, k:fup@concentra, mode:EDIT
2026-05-14 14:02:44, EXEC, v:1, k:fup@concentra, mode:FULL, rate:0, size:28
2026-05-14 14:02:58, EXEC, v:1, k:fup@concentra, mode:FULL, rate:0, size:28
2026-05-14 14:03:00, EXEC, v:1, k:fup@concentra, mode:FULL, rate:0
2026-05-14 14:03:01, EXEC, v:1, k:fup@concentra, mode:FULL, rate:0
2026-05-14 14:03:10, EXEC, v:1, k:fup@concentra, mode:FULL, rate:0, size:28
2026-05-14 14:03:12, EXEC, v:1, k:fup@concentra, mode:FULL, rate:0
2026-05-14 14:03:28, EXEC, v:1, k:fup@concentra, mode:FULL, rate:0, size:30
2026-05-14 14:03:30, EXEC, v:1, k:fup@concentra, mode:FULL, rate:0
2026-05-14 14:03:27, MOVE, v:1, k:fup@concentra, mode:EDIT
2026-05-14 14:03:29, MOVE, v:1, k:fup@concentra, mode:EDIT
2026-05-14 14:09:04, EXEC, v:1, k:fup@concentra, mode:FULL, rate:0, size:19
2026-05-14 14:09:06, EXEC, v:1, k:fup@concentra, mode:FULL, rate:0
2026-05-14 14:09:08, EXEC, v:1, k:fup@concentra, mode:FULL, rate:0
2026-05-14 14:09:15, EXEC, v:1, k:fup@concentra, mode:FULL, rate:0, size:19
2026-05-14 14:09:17, EXEC, v:1, k:fup@concentra, mode:FULL, rate:0
2026-05-14 14:09:18, EXEC, v:1, k:fup@concentra, mode:FULL, rate:0
2026-05-14 14:09:18, EXEC, v:1, k:fup@concentra, mode:FULL, rate:0
2026-05-14 14:09:19, EXEC, v:1, k:fup@concentra, mode:FULL, rate:0
2026-05-14 14:09:44, EXEC, v:1, k:fup@concentra, mode:FULL, rate:0, size:19
2026-05-14 14:09:46, EXEC, v:1, k:fup@concentra, mode:FULL, rate:0
2026-05-14 14:09:52, EXEC, v:1, k:fup@concentra, mode:FULL, rate:0
2026-05-14 14:10:37, MOVE, v:1, k:fup@concentra, mode:EDIT
2026-05-14 14:09:52, MOVE, v:1, k:fup@concentra, mode:EDIT
2026-05-14 14:11:00, EXEC, v:1, k:fup@concentra, mode:FULL, size:21, fail:COMP
2026-05-14 14:11:07, EXEC, v:1, k:fup@concentra, mode:FULL, size:20, fail:COMP
2026-05-14 14:11:09, EXEC, v:1, k:fup@concentra, mode:FULL, rate:0
2026-05-14 14:12:18, EXEC, v:1, k:fup@concentra, mode:FULL, rate:0, size:22
2026-05-14 14:12:28, EXEC, v:1, k:fup@concentra, mode:FULL, rate:0, size:22
2026-05-14 14:12:30, EXEC, v:1, k:fup@concentra, mode:FULL, rate:0
2026-05-14 14:12:38, EXEC, v:1, k:fup@concentra, mode:FULL, rate:0, size:22
2026-05-14 14:12:39, EXEC, v:1, k:fup@concentra, mode:FULL, rate:0
2026-05-14 14:12:44, EXEC, v:1, k:fup@concentra, mode:FULL, rate:0, size:22
2026-05-14 14:12:45, EXEC, v:1, k:fup@concentra, mode:FULL, rate:0
2026-05-14 14:12:45, EXEC, v:1, k:fup@concentra, mode:FULL, rate:0
2026-05-14 14:12:47, EXEC, v:1, k:fup@concentra, mode:FULL, rate:0
2026-05-14 14:12:47, EXEC, v:1, k:fup@concentra, mode:FULL, rate:0
2026-05-14 14:12:48, EXEC, v:1, k:fup@concentra, mode:FULL, rate:0
2026-05-14 14:12:48, EXEC, v:1, k:fup@concentra, mode:FULL, rate:0
2026-05-14 14:12:48, EXEC, v:1, k:fup@concentra, mode:FULL, rate:0
2026-05-14 14:12:49, EXEC, v:1, k:fup@concentra, mode:FULL, rate:0
2026-05-14 14:12:49, EXEC, v:1, k:fup@concentra, mode:FULL, rate:0
2026-05-14 14:12:49, EXEC, v:1, k:fup@concentra, mode:FULL, rate:0
2026-05-14 14:12:50, EXEC, v:1, k:fup@concentra, mode:FULL, rate:0
2026-05-14 14:12:50, EXEC, v:1, k:fup@concentra, mode:FULL, rate:0
2026-05-14 14:12:50, EXEC, v:1, k:fup@concentra, mode:FULL, rate:0
2026-05-14 14:12:51, EXEC, v:1, k:fup@concentra, mode:FULL, rate:0
2026-05-14 14:12:51, EXEC, v:1, k:fup@concentra, mode:FULL, rate:0
2026-05-14 14:13:24, EXEC, v:1, k:fup@concentra, mode:FULL, rate:0
2026-05-14 14:13:25, EXEC, v:1, k:fup@concentra, mode:FULL, rate:0, size:22
2026-05-14 14:13:26, EXEC, v:1, k:fup@concentra, mode:FULL, rate:0
2026-05-14 14:13:38, EXEC, v:1, k:fup@concentra, mode:FULL, rate:0, size:22
2026-05-14 14:13:40, EXEC, v:1, k:fup@concentra, mode:FULL, rate:0
2026-05-14 14:13:41, EXEC, v:1, k:fup@concentra, mode:FULL, rate:0
2026-05-14 14:13:42, EXEC, v:1, k:fup@concentra, mode:FULL, rate:0
2026-05-14 14:13:45, EXEC, v:1, k:fup@concentra, mode:FULL, rate:0
2026-05-14 14:13:46, EXEC, v:1, k:fup@concentra, mode:FULL, rate:0, size:22
2026-05-14 14:14:05, EXEC, v:1, k:fup@concentra, mode:FULL, rate:0, size:22
2026-05-14 14:14:13, EXEC, v:1, k:fup@concentra, mode:FULL, rate:0
2026-05-14 14:14:14, EXEC, v:1, k:fup@concentra, mode:FULL, rate:0, size:22
2026-05-14 14:14:20, EXEC, v:1, k:fup@concentra, mode:FULL, rate:100, size:22
2026-05-14 14:14:45, SELF, v:1, k:fup@concentra, self:1, rate:100, study:50
2026-05-14 14:14:47, MOVE, v:1, k:fup@concentra, mode:BACK
2026-05-14 14:14:58, MOVE, v:1, k:fup@fuga, mode:DOWN
2026-05-14 14:14:58, MOVE, v:1, k:fup@fuga, mode:PICK
2026-05-14 14:14:59, EXEC, v:1, k:fup@fuga, mode:FULL, rate:0, size:5
2026-05-14 14:14:18, MOVE, v:1, k:fup@concentra, mode:EDIT
2026-05-14 14:14:20, MOVE, v:1, k:fup@concentra, mode:EDIT
2026-05-14 14:14:57, MOVE, v:1, k:fup@fuga, mode:EDIT
2026-05-14 14:14:58, MOVE, v:1, k:fup@fuga, mode:EDIT
2026-05-14 14:15:13, MOVE, v:1, k:fup@fuga, mode:EDIT
2026-05-14 14:14:59, MOVE, v:1, k:fup@fuga, mode:EDIT
2026-05-14 14:20:35, MOVE, v:1, k:fup@fuga, mode:EDIT
2026-05-14 18:51:13, MOVE, v:1, k:fup@fuga, mode:PICK
2026-05-14 18:51:21, EXEC, v:1, k:fup@fuga, mode:FULL, rate:0, size:7
2026-05-14 18:51:21, MOVE, v:1, k:fup@fuga, mode:EDIT
2026-05-14 18:51:39, MOVE, v:1, k:fup@fuga, mode:EDIT
2026-05-14 19:00:06, MOVE, v:1, k:fup@fuga, mode:EDIT
2026-05-14 19:03:08, EXEC, v:1, k:fup@fuga, mode:FULL, rate:40, size:17
2026-05-14 19:05:34, MOVE, v:1, k:fup@fuga, mode:EDIT
2026-05-14 19:03:08, MOVE, v:1, k:fup@fuga, mode:EDIT
2026-05-14 19:08:19, EXEC, v:1, k:fup@fuga, mode:FULL, rate:0, size:18
2026-05-14 19:08:33, EXEC, v:1, k:fup@fuga, mode:FULL, rate:80, size:19
2026-05-14 19:10:40, MOVE, v:1, k:fup@fuga, mode:EDIT
2026-05-14 19:08:33, MOVE, v:1, k:fup@fuga, mode:EDIT
2026-05-14 19:10:59, EXEC, v:1, k:fup@fuga, mode:FULL, rate:80, size:23
2026-05-14 19:11:18, EXEC, v:1, k:fup@fuga, mode:FULL, rate:80, size:23
2026-05-14 19:12:04, EXEC, v:1, k:fup@fuga, mode:FULL, rate:80, size:23
2026-05-14 19:12:06, EXEC, v:1, k:fup@fuga, mode:FULL, rate:80
2026-05-14 19:12:36, EXEC, v:1, k:fup@fuga, mode:FULL, rate:80, size:23
2026-05-14 19:12:53, EXEC, v:1, k:fup@fuga, mode:FULL, rate:80
2026-05-14 19:13:54, EXEC, v:1, k:fup@fuga, mode:FULL, rate:80
2026-05-14 19:15:40, MOVE, v:1, k:fup@fuga, mode:EDIT
2026-05-14 19:13:54, MOVE, v:1, k:fup@fuga, mode:EDIT
2026-05-14 19:16:36, EXEC, v:1, k:fup@fuga, mode:FULL, rate:0, size:25
2026-05-14 19:17:11, EXEC, v:1, k:fup@fuga, mode:FULL, rate:0, size:25
2026-05-14 19:17:28, EXEC, v:1, k:fup@fuga, mode:FULL, rate:0, size:25
2026-05-14 19:17:36, EXEC, v:1, k:fup@fuga, mode:FULL, rate:80, size:26
2026-05-14 19:18:07, EXEC, v:1, k:fup@fuga, mode:FULL, rate:80, size:26
2026-05-14 19:18:43, EXEC, v:1, k:fup@fuga, mode:FULL, rate:80, size:27
2026-05-14 19:18:44, EXEC, v:1, k:fup@fuga, mode:FULL, rate:80
2026-05-14 19:18:45, EXEC, v:1, k:fup@fuga, mode:FULL, rate:80
2026-05-14 19:18:51, EXEC, v:1, k:fup@fuga, mode:FULL, rate:80, size:27
2026-05-14 19:18:52, EXEC, v:1, k:fup@fuga, mode:FULL, rate:80
2026-05-14 19:18:49, MOVE, v:1, k:fup@fuga, mode:EDIT
2026-05-14 19:18:52, MOVE, v:1, k:fup@fuga, mode:EDIT
2026-05-14 19:23:18, EXEC, v:1, k:fup@fuga, mode:FULL, rate:80
2026-05-14 19:23:18, MOVE, v:1, k:fup@fuga, mode:EDIT
2026-05-14 19:24:44, MOVE, v:1, k:fup@fuga, mode:EDIT
2026-05-14 19:29:33, MOVE, v:1, k:fup@fuga, mode:EDIT
2026-05-14 19:30:49, EXEC, v:1, k:fup@fuga, mode:FULL, rate:80, size:26
2026-05-14 19:31:12, EXEC, v:1, k:fup@fuga, mode:FULL, rate:80, size:26
2026-05-14 19:31:53, EXEC, v:1, k:fup@fuga, mode:FULL, rate:80, size:26
2026-05-14 19:31:54, EXEC, v:1, k:fup@fuga, mode:FULL, rate:80
2026-05-14 19:32:00, EXEC, v:1, k:fup@fuga, mode:FULL, rate:80
2026-05-14 19:32:01, EXEC, v:1, k:fup@fuga, mode:FULL, rate:80, size:26
2026-05-14 19:32:27, EXEC, v:1, k:fup@fuga, mode:FULL, rate:80
2026-05-14 19:32:28, EXEC, v:1, k:fup@fuga, mode:FULL, rate:80, size:26
2026-05-14 19:32:40, EXEC, v:1, k:fup@fuga, mode:FULL, rate:80, size:26
2026-05-14 19:32:40, EXEC, v:1, k:fup@fuga, mode:FULL, rate:80, size:26
2026-05-14 19:32:41, EXEC, v:1, k:fup@fuga, mode:FULL, rate:80
2026-05-14 19:32:42, EXEC, v:1, k:fup@fuga, mode:FULL, rate:80
2026-05-14 19:34:37, EXEC, v:1, k:fup@fuga, mode:FULL, rate:80, size:26
2026-05-14 19:34:38, EXEC, v:1, k:fup@fuga, mode:FULL, rate:80
2026-05-14 19:34:39, EXEC, v:1, k:fup@fuga, mode:FULL, rate:80
2026-05-14 19:34:40, EXEC, v:1, k:fup@fuga, mode:FULL, rate:80
2026-05-14 19:34:50, EXEC, v:1, k:fup@fuga, mode:FULL, rate:80, size:26
2026-05-14 19:34:50, EXEC, v:1, k:fup@fuga, mode:FULL, rate:80, size:26
2026-05-14 19:34:51, EXEC, v:1, k:fup@fuga, mode:FULL, rate:80, size:26
2026-05-14 19:34:52, EXEC, v:1, k:fup@fuga, mode:FULL, rate:80
2026-05-14 19:34:53, EXEC, v:1, k:fup@fuga, mode:FULL, rate:80
2026-05-14 19:34:53, EXEC, v:1, k:fup@fuga, mode:FULL, rate:80
2026-05-14 19:34:49, MOVE, v:1, k:fup@fuga, mode:EDIT
2026-05-14 19:34:53, MOVE, v:1, k:fup@fuga, mode:EDIT
2026-05-14 19:38:33, EXEC, v:1, k:fup@fuga, mode:FULL, rate:0, size:25
2026-05-14 19:40:40, EXEC, v:1, k:fup@fuga, mode:FULL, rate:0, size:25
2026-05-14 19:40:38, MOVE, v:1, k:fup@fuga, mode:EDIT
2026-05-14 19:40:39, MOVE, v:1, k:fup@fuga, mode:EDIT
2026-05-14 19:40:49, EXEC, v:1, k:fup@fuga, mode:FULL, size:26, fail:COMP
2026-05-14 19:40:51, EXEC, v:1, k:fup@fuga, mode:FULL, rate:80
2026-05-14 19:41:43, EXEC, v:1, k:fup@fuga, mode:FULL, rate:80, size:26
2026-05-14 19:42:00, EXEC, v:1, k:fup@fuga, mode:FULL, rate:80, size:26
2026-05-14 19:42:02, EXEC, v:1, k:fup@fuga, mode:FULL, rate:80
2026-05-14 19:42:10, EXEC, v:1, k:fup@fuga, mode:FULL, rate:0, size:26
2026-05-14 19:42:12, EXEC, v:1, k:fup@fuga, mode:FULL, rate:0
2026-05-14 19:42:54, EXEC, v:1, k:fup@fuga, mode:FULL, rate:80, size:26
2026-05-14 19:43:12, EXEC, v:1, k:fup@fuga, mode:FULL, rate:80
2026-05-14 19:43:18, EXEC, v:1, k:fup@fuga, mode:FULL, rate:80, size:26
2026-05-14 19:43:20, EXEC, v:1, k:fup@fuga, mode:FULL, rate:80
2026-05-14 19:43:17, MOVE, v:1, k:fup@fuga, mode:EDIT
2026-05-14 19:43:19, MOVE, v:1, k:fup@fuga, mode:EDIT
2026-05-14 19:50:38, EXEC, v:1, k:fup@fuga, mode:FULL, size:27, fail:COMP
2026-05-14 19:50:40, EXEC, v:1, k:fup@fuga, mode:FULL, rate:80, size:27
2026-05-14 19:50:38, MOVE, v:1, k:fup@fuga, mode:EDIT
2026-05-14 19:50:40, MOVE, v:1, k:fup@fuga, mode:EDIT
2026-05-14 19:50:56, EXEC, v:1, k:fup@fuga, mode:FULL, rate:80, size:27
2026-05-14 23:08:47, MOVE, v:1, k:fup@fuga, mode:PICK
2026-05-14 23:08:48, EXEC, v:1, k:fup@fuga, mode:FULL, rate:80
2026-05-14 23:09:55, EXEC, v:1, k:fup@fuga, mode:FULL, rate:60, size:26
2026-05-14 23:09:57, EXEC, v:1, k:fup@fuga, mode:FULL, rate:60
2026-05-14 23:09:58, EXEC, v:1, k:fup@fuga, mode:FULL, rate:60
2026-05-14 23:10:24, EXEC, v:1, k:fup@fuga, mode:FULL, rate:80, size:26
2026-05-14 23:10:26, EXEC, v:1, k:fup@fuga, mode:FULL, rate:80
2026-05-14 23:11:18, EXEC, v:1, k:fup@fuga, mode:FULL, rate:80, size:28
2026-05-14 23:11:47, EXEC, v:1, k:fup@fuga, mode:FULL, rate:80, size:30
2026-05-14 23:11:48, EXEC, v:1, k:fup@fuga, mode:FULL, rate:80
2026-05-14 23:12:29, EXEC, v:1, k:fup@fuga, mode:FULL, rate:80, size:28
2026-05-14 23:12:30, EXEC, v:1, k:fup@fuga, mode:FULL, rate:80
2026-05-14 23:12:31, EXEC, v:1, k:fup@fuga, mode:FULL, rate:80
2026-05-14 23:12:32, EXEC, v:1, k:fup@fuga, mode:FULL, rate:80
2026-05-14 23:12:39, EXEC, v:1, k:fup@fuga, mode:FULL, rate:100, size:29
2026-05-14 23:12:39, MOVE, v:1, k:fup@fuga, mode:EDIT
2026-05-14 23:12:38, MOVE, v:1, k:fup@fuga, mode:EDIT
2026-05-14 23:13:19, SELF, v:1, k:fup@fuga, self:1, rate:100, study:40, concept:1
2026-05-14 23:13:20, MOVE, v:1, k:fup@fuga, mode:BACK
2026-05-14 23:13:26, MOVE, v:1, k:fup@lotado, mode:DOWN
2026-05-14 23:13:27, MOVE, v:1, k:fup@lotado, mode:PICK
2026-05-14 23:13:29, EXEC, v:1, k:fup@lotado, mode:FULL, rate:0, size:5
2026-05-14 23:13:30, EXEC, v:1, k:fup@lotado, mode:FULL, rate:0
2026-05-14 23:13:26, MOVE, v:1, k:fup@lotado, mode:EDIT
2026-05-14 23:13:26, MOVE, v:1, k:fup@lotado, mode:EDIT
2026-05-14 23:13:30, MOVE, v:1, k:fup@lotado, mode:EDIT
2026-05-14 23:14:12, MOVE, v:1, k:fup@lotado, mode:EDIT
2026-05-14 23:25:15, EXEC, v:1, k:fup@lotado, mode:FULL, rate:0, size:13
2026-05-14 23:25:29, EXEC, v:1, k:fup@lotado, mode:FULL, rate:0, size:13
2026-05-14 23:25:58, EXEC, v:1, k:fup@lotado, mode:FULL, rate:0, size:15
2026-05-14 23:25:58, EXEC, v:1, k:fup@lotado, mode:FULL, rate:0, size:15
2026-05-14 23:26:01, EXEC, v:1, k:fup@lotado, mode:FULL, rate:0, size:15
2026-05-14 23:26:17, EXEC, v:1, k:fup@lotado, mode:FULL, rate:0
2026-05-14 23:27:49, EXEC, v:1, k:fup@lotado, mode:FULL, rate:0, size:20
2026-05-14 23:28:10, MOVE, v:1, k:fup@lotado, mode:EDIT
2026-05-14 23:27:49, MOVE, v:1, k:fup@lotado, mode:EDIT
2026-05-14 23:28:31, EXEC, v:1, k:fup@lotado, mode:FULL, rate:0, size:22
2026-05-14 23:29:16, EXEC, v:1, k:fup@lotado, mode:FULL, rate:0, size:24
2026-05-14 23:29:53, EXEC, v:1, k:fup@lotado, mode:FULL, rate:0
2026-05-14 23:29:54, EXEC, v:1, k:fup@lotado, mode:FULL, rate:0
2026-05-14 23:30:46, EXEC, v:1, k:fup@lotado, mode:FULL, rate:0, size:26
2026-05-14 23:30:48, EXEC, v:1, k:fup@lotado, mode:FULL, rate:0
2026-05-14 23:31:05, EXEC, v:1, k:fup@lotado, mode:FULL, rate:0, size:25
2026-05-14 23:31:05, EXEC, v:1, k:fup@lotado, mode:FULL, rate:0, size:25
2026-05-14 23:31:06, EXEC, v:1, k:fup@lotado, mode:FULL, rate:0, size:25
2026-05-14 23:32:26, MOVE, v:1, k:fup@lotado, mode:EDIT
2026-05-14 23:31:06, MOVE, v:1, k:fup@lotado, mode:EDIT
2026-05-14 23:37:39, EXEC, v:1, k:fup@lotado, mode:FULL, rate:0, size:26
2026-05-14 23:37:51, EXEC, v:1, k:fup@lotado, mode:FULL, rate:0, size:26
2026-05-14 23:38:16, MOVE, v:1, k:fup@lotado, mode:EDIT
2026-05-14 23:37:50, MOVE, v:1, k:fup@lotado, mode:EDIT
2026-05-14 23:38:19, EXEC, v:1, k:fup@lotado, mode:FULL, rate:0, size:28
2026-05-14 23:38:21, EXEC, v:1, k:fup@lotado, mode:FULL, rate:0
2026-05-14 23:39:11, EXEC, v:1, k:fup@lotado, mode:FULL, rate:0, size:24
2026-05-14 23:39:28, EXEC, v:1, k:fup@lotado, mode:FULL, rate:0
2026-05-14 23:39:50, EXEC, v:1, k:fup@lotado, mode:FULL, rate:0, size:24
2026-05-14 23:39:51, EXEC, v:1, k:fup@lotado, mode:FULL, rate:0
2026-05-14 23:39:52, EXEC, v:1, k:fup@lotado, mode:FULL, rate:0
2026-05-14 23:39:53, EXEC, v:1, k:fup@lotado, mode:FULL, rate:0
2026-05-14 23:40:16, EXEC, v:1, k:fup@lotado, mode:FULL, rate:0, size:24
2026-05-14 23:40:45, EXEC, v:1, k:fup@lotado, mode:FULL, rate:0, size:24
2026-05-14 23:40:46, EXEC, v:1, k:fup@lotado, mode:FULL, rate:0
2026-05-14 23:41:57, MOVE, v:1, k:fup@lotado, mode:PICK
2026-05-14 23:41:58, EXEC, v:1, k:fup@lotado, mode:FULL, rate:0, size:16
2026-05-14 23:43:44, EXEC, v:1, k:fup@lotado, mode:FULL, rate:0, size:26
2026-05-14 23:44:07, EXEC, v:1, k:fup@lotado, mode:FULL, rate:0, size:26
2026-05-14 23:44:27, EXEC, v:1, k:fup@lotado, mode:FULL, rate:0, size:28
2026-05-14 23:44:29, EXEC, v:1, k:fup@lotado, mode:FULL, rate:0
2026-05-14 23:44:31, EXEC, v:1, k:fup@lotado, mode:FULL, rate:0
2026-05-14 23:44:32, EXEC, v:1, k:fup@lotado, mode:FULL, rate:0
2026-05-14 23:44:33, EXEC, v:1, k:fup@lotado, mode:FULL, rate:0
2026-05-14 23:44:35, EXEC, v:1, k:fup@lotado, mode:FULL, rate:0
2026-05-14 23:44:36, EXEC, v:1, k:fup@lotado, mode:FULL, rate:0
2026-05-14 23:44:38, EXEC, v:1, k:fup@lotado, mode:FULL, rate:0
2026-05-14 23:44:39, EXEC, v:1, k:fup@lotado, mode:FULL, rate:0, size:29
2026-05-14 23:44:39, EXEC, v:1, k:fup@lotado, mode:FULL, size:29, fail:COMP
2026-05-14 23:44:51, EXEC, v:1, k:fup@lotado, mode:FULL, rate:0, size:31
2026-05-14 23:44:52, EXEC, v:1, k:fup@lotado, mode:FULL, rate:0
2026-05-14 23:44:53, EXEC, v:1, k:fup@lotado, mode:FULL, rate:0
2026-05-14 23:45:47, EXEC, v:1, k:fup@lotado, mode:FULL, rate:0, size:27
2026-05-14 23:46:23, EXEC, v:1, k:fup@lotado, mode:FULL, rate:0, size:28
2026-05-14 23:46:22, MOVE, v:1, k:fup@lotado, mode:EDIT
2026-05-14 23:46:42, MOVE, v:1, k:fup@lotado, mode:EDIT
2026-05-14 23:47:08, EXEC, v:1, k:fup@lotado, mode:FULL, rate:0, size:30
2026-05-14 23:50:13, EXEC, v:1, k:fup@lotado, mode:FULL, rate:0, size:27
2026-05-14 23:50:23, EXEC, v:1, k:fup@lotado, mode:FULL, rate:0, size:29
2026-05-14 23:50:55, EXEC, v:1, k:fup@lotado, mode:FULL, rate:0, size:29
2026-05-14 23:51:44, MOVE, v:1, k:fup@lotado, mode:EDIT
2026-05-14 23:50:54, MOVE, v:1, k:fup@lotado, mode:EDIT
2026-05-14 23:53:32, EXEC, v:1, k:fup@lotado, mode:FULL, rate:0, size:29
2026-05-14 23:53:58, EXEC, v:1, k:fup@lotado, mode:FULL, rate:100, size:27
2026-05-14 23:54:26, EXEC, v:1, k:fup@lotado, mode:FULL, rate:0, size:25
2026-05-14 23:54:40, EXEC, v:1, k:fup@lotado, mode:FULL, rate:0, size:24
2026-05-14 23:54:55, EXEC, v:1, k:fup@lotado, mode:FULL, rate:100, size:27
2026-05-14 23:55:08, SELF, v:1, k:fup@lotado, self:1, rate:100, study:30, concept:1
2026-05-14 23:55:10, MOVE, v:1, k:fup@lotado, mode:BACK
2026-05-14 23:54:46, MOVE, v:1, k:fup@lotado, mode:EDIT
2026-05-14 23:54:55, MOVE, v:1, k:fup@lotado, mode:EDIT
